2026-02-10 13:51:07 - INFO - chord#206 roll#6 Early stop: no improvement for 50 iterations (max_no_improve=50)
2026-02-10 13:51:07 - INFO - chord#206 SA complete: score=104.0 after 91 iterations
2026-02-10 13:51:07 - INFO - chord#206 Starting SA optimization (tolerance=4)
2026-02-10 13:51:07 - INFO - chord#206 roll#7 Early stop: no improvement for 50 iterations (max_no_improve=50)
2026-02-10 13:51:07 - INFO - chord#206 SA complete: score=104.0 after 73 iterations
2026-02-10 13:51:07 - INFO - chord#206 Best roll: 2/7, score=90.0
2026-02-10 13:51:07 - INFO - chord#207 Starting SA optimization (tolerance=4)
2026-02-10 13:51:07 - INFO - chord#207 roll#1 Early stop: no improvement for 50 iterations (max_no_improve=50)
2026-02-10 13:51:07 - INFO - chord#207 SA complete: score=45.0 after 64 iterations
2026-02-10 13:51:07 - INFO - chord#207 Starting SA optimization (tolerance=4)
2026-02-10 13:51:07 - INFO - chord#207 roll#2 Early stop: no improvement for 50 iterations (max_no_improve=50)
2026-02-10 13:51:07 - INFO - chord#207 SA complete: score=45.0 after 90 iterations
2026-02-10 13:51:07 - INFO - chord#207 Starting SA optimization (tolerance=4)
2026-02-10 13:51:07 - INFO - chord#207 roll#3 Early stop: no improvement for 50 iterations (max_no_improve=50)
2026-02-10 13:51:07 - INFO - chord#207 SA complete: score=45.0 after 67 iterations
2026-02-10 13:51:07 - INFO - chord#207 Starting SA optimization (tolerance=4)
2026-02-10 13:51:07 - INFO - chord#207 roll#4 Early stop: no improvement for 50 iterations (max_no_improve=50)
2026-02-10 13:51:07 - INFO - chord#207 SA complete: score=45.0 after 51 iterations
2026-02-10 13:51:07 - INFO - chord#207 Starting SA optimization (tolerance=4)
2026-02-10 13:51:07 - INFO - chord#207 roll#5 Early stop: no improvement for 50 iterations (max_no_improve=50)
2026-02-10 13:51:07 - INFO - chord#207 SA complete: score=45.0 after 59 iterations
2026-02-10 13:51:07 - INFO - chord#207 Starting SA optimization (tolerance=4)
2026-02-10 13:51:07 - INFO - chord#207 roll#6 Early stop: no improvement for 50 iterations (max_no_improve=50)
2026-02-10 13:51:07 - INFO - chord#207 SA complete: score=45.0 after 68 iterations
2026-02-10 13:51:07 - INFO - chord#207 Best roll: 1/6, score=45.0
2026-02-10 13:51:07 - INFO - chord#208 Starting SA optimization (tolerance=4)
2026-02-10 13:51:07 - INFO - chord#208 roll#1 Early stop: no improvement for 50 iterations (max_no_improve=50)
2026-02-10 13:51:07 - INFO - chord#208 SA complete: score=113.0 after 135 iterations
2026-02-10 13:51:07 - INFO - chord#208 Starting SA optimization (tolerance=4)
2026-02-10 13:51:07 - INFO - chord#208 roll#2 Early stop: no improvement for 50 iterations (max_no_improve=50)
2026-02-10 13:51:07 - INFO - chord#208 SA complete: score=120.0 after 110 iterations
2026-02-10 13:51:07 - INFO - chord#208 Starting SA optimization (tolerance=4)
2026-02-10 13:51:08 - INFO - chord#208 roll#3 Early stop: no improvement for 50 iterations (max_no_improve=50)
2026-02-10 13:51:08 - INFO - chord#208 SA complete: score=128.0 after 70 iterations
2026-02-10 13:51:08 - INFO - chord#208 Starting SA optimization (tolerance=4)
2026-02-10 13:51:08 - INFO - chord#208 roll#4 Early stop: no improvement for 50 iterations (max_no_improve=50)
2026-02-10 13:51:08 - INFO - chord#208 SA complete: score=130.0 after 77 iterations
2026-02-10 13:51:08 - INFO - chord#208 Starting SA optimization (tolerance=4)
2026-02-10 13:51:08 - INFO - chord#208 roll#5 Early stop: no improvement for 50 iterations (max_no_improve=50)
2026-02-10 13:51:08 - INFO - chord#208 SA complete: score=116.0 after 104 iterations
2026-02-10 13:51:08 - INFO - chord#208 Starting SA optimization (tolerance=4)
2026-02-10 13:51:08 - INFO - chord#208 roll#6 Early stop: no improvement for 50 iterations (max_no_improve=50)
2026-02-10 13:51:08 - INFO - chord#208 SA complete: score=93.0 after 50 iterations
2026-02-10 13:51:08 - INFO - chord#208 Starting SA optimization (tolerance=4)
2026-02-10 13:51:08 - INFO - chord#208 roll#7 Early stop: no improvement for 50 iterations (max_no_improve=50)
2026-02-10 13:51:08 - INFO - chord#208 SA complete: score=120.0 after 81 iterations
2026-02-10 13:51:08 - INFO - chord#208 Starting SA optimization (tolerance=4)
2026-02-10 13:51:08 - INFO - chord#208 roll#8 Early stop: no improvement for 50 iterations (max_no_improve=50)
2026-02-10 13:51:08 - INFO - chord#208 SA complete: score=113.0 after 94 iterations
2026-02-10 13:51:08 - INFO - chord#208 Best roll: 6/8, score=93.0
2026-02-10 13:51:08 - INFO - chord#212 Starting SA optimization (tolerance=4)
2026-02-10 13:51:08 - INFO - chord#212 roll#1 Early stop: no improvement for 50 iterations (max_no_improve=50)
2026-02-10 13:51:08 - INFO - chord#212 SA complete: score=43.0 after 51 iterations
2026-02-10 13:51:08 - INFO - chord#212 Starting SA optimization (tolerance=4)
2026-02-10 13:51:08 - INFO - chord#212 roll#2 Early stop: no improvement for 50 iterations (max_no_improve=50)
2026-02-10 13:51:08 - INFO - chord#212 SA complete: score=43.0 after 87 iterations
2026-02-10 13:51:08 - INFO - chord#212 Starting SA optimization (tolerance=4)
2026-02-10 13:51:08 - INFO - chord#212 roll#3 Early stop: no improvement for 50 iterations (max_no_improve=50)
2026-02-10 13:51:08 - INFO - chord#212 SA complete: score=43.0 after 56 iterations
2026-02-10 13:51:08 - INFO - chord#212 Starting SA optimization (tolerance=4)
2026-02-10 13:51:08 - INFO - chord#212 roll#4 Early stop: no improvement for 50 iterations (max_no_improve=50)
2026-02-10 13:51:08 - INFO - chord#212 SA complete: score=43.0 after 94 iterations
2026-02-10 13:51:08 - INFO - chord#212 Starting SA optimization (tolerance=4)
2026-02-10 13:51:08 - INFO - chord#212 roll#5 Early stop: no improvement for 50 iterations (max_no_improve=50)
2026-02-10 13:51:08 - INFO - chord#212 SA complete: score=43.0 after 107 iterations
2026-02-10 13:51:08 - INFO - chord#212 Starting SA optimization (tolerance=4)
2026-02-10 13:51:08 - INFO - chord#212 roll#6 Early stop: no improvement for 50 iterations (max_no_improve=50)
2026-02-10 13:51:08 - INFO - chord#212 SA complete: score=43.0 after 57 iterations
2026-02-10 13:51:08 - INFO - chord#212 Best roll: 1/6, score=43.0
2026-02-10 13:51:08 - INFO - chord#214 Starting SA optimization (tolerance=4)
2026-02-10 13:51:08 - INFO - chord#214 roll#1 Early stop: no improvement for 50 iterations (max_no_improve=50)
2026-02-10 13:51:08 - INFO - chord#214 SA complete: score=90.0 after 137 iterations
2026-02-10 13:51:08 - INFO - chord#214 Starting SA optimization (tolerance=4)
2026-02-10 13:51:08 - INFO - chord#214 roll#2 Early stop: no improvement for 50 iterations (max_no_improve=50)
2026-02-10 13:51:08 - INFO - chord#214 SA complete: score=90.0 after 66 iterations
2026-02-10 13:51:08 - INFO - chord#214 Starting SA optimization (tolerance=4)
2026-02-10 13:51:08 - INFO - chord#214 roll#3 Early stop: no improvement for 50 iterations (max_no_improve=50)
2026-02-10 13:51:08 - INFO - chord#214 SA complete: score=90.0 after 50 iterations
2026-02-10 13:51:08 - INFO - chord#214 Starting SA optimization (tolerance=4)
2026-02-10 13:51:08 - INFO - chord#214 roll#4 Early stop: no improvement for 50 iterations (max_no_improve=50)
2026-02-10 13:51:08 - INFO - chord#214 SA complete: score=90.0 after 70 iterations
2026-02-10 13:51:08 - INFO - chord#214 Starting SA optimization (tolerance=4)
2026-02-10 13:51:08 - INFO - chord#214 roll#5 Early stop: no improvement for 50 iterations (max_no_improve=50)
2026-02-10 13:51:08 - INFO - chord#214 SA complete: score=101.0 after 57 iterations
2026-02-10 13:51:08 - INFO - chord#214 Starting SA optimization (tolerance=4)
2026-02-10 13:51:08 - INFO - chord#214 roll#6 Early stop: no improvement for 50 iterations (max_no_improve=50)
2026-02-10 13:51:08 - INFO - chord#214 SA complete: score=90.0 after 49 iterations
2026-02-10 13:51:08 - INFO - chord#214 Best roll: 1/6, score=90.0
2026-02-10 13:51:08 - INFO - chord#216 Starting SA optimization (tolerance=4)
2026-02-10 13:51:08 - INFO - chord#216 roll#1 Early stop: no improvement for 50 iterations (max_no_improve=50)
2026-02-10 13:51:08 - INFO - chord#216 SA complete: score=45.0 after 56 iterations
2026-02-10 13:51:08 - INFO - chord#216 Starting SA optimization (tolerance=4)
2026-02-10 13:51:08 - INFO - chord#216 roll#2 Early stop: no improvement for 50 iterations (max_no_improve=50)
2026-02-10 13:51:08 - INFO - chord#216 SA complete: score=45.0 after 58 iterations
2026-02-10 13:51:08 - INFO - chord#216 Starting SA optimization (tolerance=4)
2026-02-10 13:51:08 - INFO - chord#216 roll#3 Early stop: no improvement for 50 iterations (max_no_improve=50)
2026-02-10 13:51:08 - INFO - chord#216 SA complete: score=45.0 after 63 iterations
2026-02-10 13:51:08 - INFO - chord#216 Starting SA optimization (tolerance=4)
2026-02-10 13:51:08 - INFO - chord#216 roll#4 Early stop: no improvement for 50 iterations (max_no_improve=50)
2026-02-10 13:51:08 - INFO - chord#216 SA complete: score=56.0 after 90 iterations
2026-02-10 13:51:08 - INFO - chord#216 Starting SA optimization (tolerance=4)
2026-02-10 13:51:08 - INFO - chord#216 roll#5 Early stop: no improvement for 50 iterations (max_no_improve=50)
2026-02-10 13:51:08 - INFO - chord#216 SA complete: score=45.0 after 75 iterations
2026-02-10 13:51:08 - INFO - chord#216 Starting SA optimization (tolerance=4)
2026-02-10 13:51:08 - INFO - chord#216 roll#6 Early stop: no improvement for 50 iterations (max_no_improve=50)
2026-02-10 13:51:08 - INFO - chord#216 SA complete: score=45.0 after 60 iterations
2026-02-10 13:51:08 - INFO - chord#216 Best roll: 1/6, score=45.0
2026-02-10 13:51:08 - INFO - chord#220 Starting SA optimization (tolerance=4)
2026-02-10 13:51:08 - INFO - chord#220 roll#1 Early stop: no improvement for 50 iterations (max_no_improve=50)
2026-02-10 13:51:08 - INFO - chord#220 SA complete: score=74.0 after 126 iterations
2026-02-10 13:51:08 - INFO - chord#220 Starting SA optimization (tolerance=4)
2026-02-10 13:51:08 - INFO - chord#220 roll#2 Early stop: no improvement for 50 iterations (max_no_improve=50)
2026-02-10 13:51:08 - INFO - chord#220 SA complete: score=119.0 after 69 iterations
2026-02-10 13:51:08 - INFO - chord#220 Starting SA optimization (tolerance=4)
2026-02-10 13:51:08 - INFO - chord#220 roll#3 Early stop: no improvement for 50 iterations (max_no_improve=50)
2026-02-10 13:51:08 - INFO - chord#220 SA complete: score=124.0 after 50 iterations
2026-02-10 13:51:08 - INFO - chord#220 Starting SA optimization (tolerance=4)
2026-02-10 13:51:08 - INFO - chord#220 roll#4 Early stop: no improvement for 50 iterations (max_no_improve=50)
2026-02-10 13:51:08 - INFO - chord#220 SA complete: score=98.0 after 53 iterations
2026-02-10 13:51:08 - INFO - chord#220 Starting SA optimization (tolerance=4)
2026-02-10 13:51:09 - INFO - chord#220 roll#5 Early stop: no improvement for 50 iterations (max_no_improve=50)
2026-02-10 13:51:09 - INFO - chord#220 SA complete: score=79.0 after 74 iterations
2026-02-10 13:51:09 - INFO - chord#220 Starting SA optimization (tolerance=4)
2026-02-10 13:51:09 - INFO - chord#220 roll#6 Early stop: no improvement for 50 iterations (max_no_improve=50)
2026-02-10 13:51:09 - INFO - chord#220 SA complete: score=67.0 after 138 iterations
2026-02-10 13:51:09 - INFO - chord#220 Starting SA optimization (tolerance=4)
2026-02-10 13:51:09 - INFO - chord#220 roll#7 Early stop: no improvement for 50 iterations (max_no_improve=50)
2026-02-10 13:51:09 - INFO - chord#220 SA complete: score=67.0 after 51 iterations
2026-02-10 13:51:09 - INFO - chord#220 Starting SA optimization (tolerance=4)
2026-02-10 13:51:09 - INFO - chord#220 roll#8 Early stop: no improvement for 50 iterations (max_no_improve=50)
2026-02-10 13:51:09 - INFO - chord#220 SA complete: score=78.0 after 155 iterations
2026-02-10 13:51:09 - INFO - chord#220 Best roll: 6/8, score=67.0
2026-02-10 13:51:09 - INFO - chord#224 Starting SA optimization (tolerance=4)
2026-02-10 13:51:09 - INFO - chord#224 roll#1 Early stop: no improvement for 50 iterations (max_no_improve=50)
2026-02-10 13:51:09 - INFO - chord#224 SA complete: score=27.0 after 53 iterations
2026-02-10 13:51:09 - INFO - chord#224 Starting SA optimization (tolerance=4)
2026-02-10 13:51:09 - INFO - chord#224 roll#2 Early stop: no improvement for 50 iterations (max_no_improve=50)
2026-02-10 13:51:09 - INFO - chord#224 SA complete: score=27.0 after 61 iterations
2026-02-10 13:51:09 - INFO - chord#224 Starting SA optimization (tolerance=4)
2026-02-10 13:51:09 - INFO - chord#224 roll#3 Early stop: no improvement for 50 iterations (max_no_improve=50)
2026-02-10 13:51:09 - INFO - chord#224 SA complete: score=27.0 after 65 iterations
2026-02-10 13:51:09 - INFO - chord#224 Starting SA optimization (tolerance=4)
2026-02-10 13:51:09 - INFO - chord#224 roll#4 Early stop: no improvement for 50 iterations (max_no_improve=50)
2026-02-10 13:51:09 - INFO - chord#224 SA complete: score=27.0 after 59 iterations
2026-02-10 13:51:09 - INFO - chord#224 Starting SA optimization (tolerance=4)
2026-02-10 13:51:09 - INFO - chord#224 roll#5 Early stop: no improvement for 50 iterations (max_no_improve=50)
2026-02-10 13:51:09 - INFO - chord#224 SA complete: score=27.0 after 59 iterations
2026-02-10 13:51:09 - INFO - chord#224 Starting SA optimization (tolerance=4)
2026-02-10 13:51:09 - INFO - chord#224 roll#6 Early stop: no improvement for 50 iterations (max_no_improve=50)
2026-02-10 13:51:09 - INFO - chord#224 SA complete: score=27.0 after 53 iterations
2026-02-10 13:51:09 - INFO - chord#224 Best roll: 1/6, score=27.0
2026-02-10 13:51:09 - INFO - chord#228 Starting SA optimization (tolerance=4)
2026-02-10 13:51:09 - INFO - chord#228 roll#1 Early stop: no improvement for 50 iterations (max_no_improve=50)
2026-02-10 13:51:09 - INFO - chord#228 SA complete: score=43.0 after 81 iterations
2026-02-10 13:51:09 - INFO - chord#228 Starting SA optimization (tolerance=4)
2026-02-10 13:51:09 - INFO - chord#228 roll#2 Early stop: no improvement for 50 iterations (max_no_improve=50)
2026-02-10 13:51:09 - INFO - chord#228 SA complete: score=43.0 after 75 iterations
2026-02-10 13:51:09 - INFO - chord#228 Starting SA optimization (tolerance=4)
2026-02-10 13:51:09 - INFO - chord#228 roll#3 Early stop: no improvement for 50 iterations (max_no_improve=50)
2026-02-10 13:51:09 - INFO - chord#228 SA complete: score=43.0 after 86 iterations
2026-02-10 13:51:09 - INFO - chord#228 Starting SA optimization (tolerance=4)
2026-02-10 13:51:09 - INFO - chord#228 roll#4 Early stop: no improvement for 50 iterations (max_no_improve=50)
2026-02-10 13:51:09 - INFO - chord#228 SA complete: score=43.0 after 57 iterations
2026-02-10 13:51:09 - INFO - chord#228 Starting SA optimization (tolerance=4)
2026-02-10 13:51:09 - INFO - chord#228 roll#5 Early stop: no improvement for 50 iterations (max_no_improve=50)
2026-02-10 13:51:09 - INFO - chord#228 SA complete: score=43.0 after 57 iterations
2026-02-10 13:51:09 - INFO - chord#228 Starting SA optimization (tolerance=4)
2026-02-10 13:51:09 - INFO - chord#228 roll#6 Early stop: no improvement for 50 iterations (max_no_improve=50)
2026-02-10 13:51:09 - INFO - chord#228 SA complete: score=43.0 after 76 iterations
2026-02-10 13:51:09 - INFO - chord#228 Best roll: 1/6, score=43.0
2026-02-10 13:51:09 - INFO - chord#232 Starting SA optimization (tolerance=4)
2026-02-10 13:51:09 - INFO - chord#232 roll#1 Early stop: no improvement for 50 iterations (max_no_improve=50)
2026-02-10 13:51:09 - INFO - chord#232 SA complete: score=106.0 after 111 iterations
2026-02-10 13:51:09 - INFO - chord#232 Starting SA optimization (tolerance=4)
2026-02-10 13:51:09 - INFO - chord#232 roll#2 Early stop: no improvement for 50 iterations (max_no_improve=50)
2026-02-10 13:51:09 - INFO - chord#232 SA complete: score=110.0 after 73 iterations
2026-02-10 13:51:09 - INFO - chord#232 Starting SA optimization (tolerance=4)
2026-02-10 13:51:09 - INFO - chord#232 roll#3 Early stop: no improvement for 50 iterations (max_no_improve=50)
2026-02-10 13:51:09 - INFO - chord#232 SA complete: score=78.0 after 73 iterations
2026-02-10 13:51:09 - INFO - chord#232 Starting SA optimization (tolerance=4)
2026-02-10 13:51:09 - INFO - chord#232 roll#4 Early stop: no improvement for 50 iterations (max_no_improve=50)
2026-02-10 13:51:09 - INFO - chord#232 SA complete: score=129.0 after 51 iterations
2026-02-10 13:51:09 - INFO - chord#232 Starting SA optimization (tolerance=4)
2026-02-10 13:51:09 - INFO - chord#232 roll#5 Early stop: no improvement for 50 iterations (max_no_improve=50)
2026-02-10 13:51:09 - INFO - chord#232 SA complete: score=67.0 after 103 iterations
2026-02-10 13:51:09 - INFO - chord#232 Starting SA optimization (tolerance=4)
2026-02-10 13:51:09 - INFO - chord#232 roll#6 Early stop: no improvement for 50 iterations (max_no_improve=50)
2026-02-10 13:51:09 - INFO - chord#232 SA complete: score=112.0 after 65 iterations
2026-02-10 13:51:09 - INFO - chord#232 Starting SA optimization (tolerance=4)
2026-02-10 13:51:09 - INFO - chord#232 roll#7 Early stop: no improvement for 50 iterations (max_no_improve=50)
2026-02-10 13:51:09 - INFO - chord#232 SA complete: score=91.0 after 52 iterations
2026-02-10 13:51:09 - INFO - chord#232 Starting SA optimization (tolerance=4)
2026-02-10 13:51:09 - INFO - chord#232 roll#8 Early stop: no improvement for 50 iterations (max_no_improve=50)
2026-02-10 13:51:09 - INFO - chord#232 SA complete: score=79.0 after 99 iterations
2026-02-10 13:51:09 - INFO - chord#232 Best roll: 5/8, score=67.0
2026-02-10 13:51:09 - INFO - chord#236 Starting SA optimization (tolerance=4)
2026-02-10 13:51:09 - INFO - chord#236 roll#1 Early stop: no improvement for 50 iterations (max_no_improve=50)
2026-02-10 13:51:09 - INFO - chord#236 SA complete: score=60.0 after 59 iterations
2026-02-10 13:51:09 - INFO - chord#236 Starting SA optimization (tolerance=4)
2026-02-10 13:51:09 - INFO - chord#236 roll#2 Early stop: no improvement for 50 iterations (max_no_improve=50)
2026-02-10 13:51:09 - INFO - chord#236 SA complete: score=60.0 after 53 iterations
2026-02-10 13:51:09 - INFO - chord#236 Starting SA optimization (tolerance=4)
2026-02-10 13:51:09 - INFO - chord#236 roll#3 Early stop: no improvement for 50 iterations (max_no_improve=50)
2026-02-10 13:51:09 - INFO - chord#236 SA complete: score=60.0 after 59 iterations
2026-02-10 13:51:09 - INFO - chord#236 Starting SA optimization (tolerance=4)
2026-02-10 13:51:09 - INFO - chord#236 roll#4 Early stop: no improvement for 50 iterations (max_no_improve=50)
2026-02-10 13:51:09 - INFO - chord#236 SA complete: score=60.0 after 70 iterations
2026-02-10 13:51:09 - INFO - chord#236 Starting SA optimization (tolerance=4)
2026-02-10 13:51:09 - INFO - chord#236 roll#5 Early stop: no improvement for 50 iterations (max_no_improve=50)
2026-02-10 13:51:09 - INFO - chord#236 SA complete: score=60.0 after 70 iterations
2026-02-10 13:51:09 - INFO - chord#236 Starting SA optimization (tolerance=4)
2026-02-10 13:51:09 - INFO - chord#236 roll#6 Early stop: no improvement for 50 iterations (max_no_improve=50)
2026-02-10 13:51:09 - INFO - chord#236 SA complete: score=60.0 after 78 iterations
2026-02-10 13:51:09 - INFO - chord#236 Best roll: 1/6, score=60.0
2026-02-10 13:51:09 - INFO - chord#240 Starting SA optimization (tolerance=4)
2026-02-10 13:51:09 - INFO - chord#240 roll#1 Early stop: no improvement for 50 iterations (max_no_improve=50)
2026-02-10 13:51:09 - INFO - chord#240 SA complete: score=44.0 after 52 iterations
2026-02-10 13:51:09 - INFO - chord#240 Starting SA optimization (tolerance=4)
2026-02-10 13:51:09 - INFO - chord#240 roll#2 Early stop: no improvement for 50 iterations (max_no_improve=50)
2026-02-10 13:51:09 - INFO - chord#240 SA complete: score=44.0 after 50 iterations
2026-02-10 13:51:09 - INFO - chord#240 Starting SA optimization (tolerance=4)
2026-02-10 13:51:09 - INFO - chord#240 roll#3 Early stop: no improvement for 50 iterations (max_no_improve=50)
2026-02-10 13:51:09 - INFO - chord#240 SA complete: score=44.0 after 59 iterations
2026-02-10 13:51:09 - INFO - chord#240 Starting SA optimization (tolerance=4)
2026-02-10 13:51:09 - INFO - chord#240 roll#4 Early stop: no improvement for 50 iterations (max_no_improve=50)
2026-02-10 13:51:09 - INFO - chord#240 SA complete: score=44.0 after 54 iterations
2026-02-10 13:51:09 - INFO - chord#240 Starting SA optimization (tolerance=4)
2026-02-10 13:51:09 - INFO - chord#240 roll#5 Early stop: no improvement for 50 iterations (max_no_improve=50)
2026-02-10 13:51:09 - INFO - chord#240 SA complete: score=44.0 after 57 iterations
2026-02-10 13:51:09 - INFO - chord#240 Starting SA optimization (tolerance=4)
2026-02-10 13:51:09 - INFO - chord#240 roll#6 Early stop: no improvement for 50 iterations (max_no_improve=50)
2026-02-10 13:51:09 - INFO - chord#240 SA complete: score=44.0 after 56 iterations
2026-02-10 13:51:09 - INFO - chord#240 Best roll: 1/6, score=44.0
2026-02-10 13:51:09 - INFO - chord#242 Starting SA optimization (tolerance=4)
2026-02-10 13:51:09 - INFO - chord#242 roll#1 Early stop: no improvement for 50 iterations (max_no_improve=50)
2026-02-10 13:51:09 - INFO - chord#242 SA complete: score=104.0 after 57 iterations
2026-02-10 13:51:09 - INFO - chord#242 Starting SA optimization (tolerance=4)
2026-02-10 13:51:09 - INFO - chord#242 roll#2 Early stop: no improvement for 50 iterations (max_no_improve=50)
2026-02-10 13:51:09 - INFO - chord#242 SA complete: score=110.0 after 70 iterations
2026-02-10 13:51:09 - INFO - chord#242 Starting SA optimization (tolerance=4)
2026-02-10 13:51:10 - INFO - chord#242 roll#3 Early stop: no improvement for 50 iterations (max_no_improve=50)
2026-02-10 13:51:10 - INFO - chord#242 SA complete: score=113.0 after 84 iterations
2026-02-10 13:51:10 - INFO - chord#242 Starting SA optimization (tolerance=4)
2026-02-10 13:51:10 - INFO - chord#242 roll#4 Early stop: no improvement for 50 iterations (max_no_improve=50)
2026-02-10 13:51:10 - INFO - chord#242 SA complete: score=104.0 after 74 iterations
2026-02-10 13:51:10 - INFO - chord#242 Starting SA optimization (tolerance=4)
2026-02-10 13:51:10 - INFO - chord#242 roll#5 Early stop: no improvement for 50 iterations (max_no_improve=50)
2026-02-10 13:51:10 - INFO - chord#242 SA complete: score=104.0 after 116 iterations
2026-02-10 13:51:10 - INFO - chord#242 Starting SA optimization (tolerance=4)
2026-02-10 13:51:10 - INFO - chord#242 roll#6 Early stop: no improvement for 50 iterations (max_no_improve=50)
2026-02-10 13:51:10 - INFO - chord#242 SA complete: score=104.0 after 72 iterations
2026-02-10 13:51:10 - INFO - chord#242 Best roll: 1/6, score=104.0
2026-02-10 13:51:10 - INFO - chord#244 Starting SA optimization (tolerance=4)
2026-02-10 13:51:10 - INFO - chord#244 roll#1 Early stop: no improvement for 50 iterations (max_no_improve=50)
2026-02-10 13:51:10 - INFO - chord#244 SA complete: score=47.0 after 51 iterations
2026-02-10 13:51:10 - INFO - chord#244 Starting SA optimization (tolerance=4)
2026-02-10 13:51:10 - INFO - chord#244 roll#2 Early stop: no improvement for 50 iterations (max_no_improve=50)
2026-02-10 13:51:10 - INFO - chord#244 SA complete: score=47.0 after 49 iterations
2026-02-10 13:51:10 - INFO - chord#244 Starting SA optimization (tolerance=4)
2026-02-10 13:51:10 - INFO - chord#244 roll#3 Early stop: no improvement for 50 iterations (max_no_improve=50)
2026-02-10 13:51:10 - INFO - chord#244 SA complete: score=47.0 after 59 iterations
2026-02-10 13:51:10 - INFO - chord#244 Starting SA optimization (tolerance=4)
2026-02-10 13:51:10 - INFO - chord#244 roll#4 Early stop: no improvement for 50 iterations (max_no_improve=50)
2026-02-10 13:51:10 - INFO - chord#244 SA complete: score=47.0 after 62 iterations
2026-02-10 13:51:10 - INFO - chord#244 Starting SA optimization (tolerance=4)
2026-02-10 13:51:10 - INFO - chord#244 roll#5 Early stop: no improvement for 50 iterations (max_no_improve=50)
2026-02-10 13:51:10 - INFO - chord#244 SA complete: score=47.0 after 76 iterations
2026-02-10 13:51:10 - INFO - chord#244 Starting SA optimization (tolerance=4)
2026-02-10 13:51:10 - INFO - chord#244 roll#6 Early stop: no improvement for 50 iterations (max_no_improve=50)
2026-02-10 13:51:10 - INFO - chord#244 SA complete: score=47.0 after 49 iterations
2026-02-10 13:51:10 - INFO - chord#244 Best roll: 1/6, score=47.0
2026-02-10 13:51:10 - INFO - chord#246 Starting SA optimization (tolerance=4)
2026-02-10 13:51:10 - INFO - deltas.shape = (4,), deltas = array([20, 15, 25, 31])
2026-02-10 13:51:10 - INFO - deltas.shape = (4,), deltas = array([15, 20, 25, 31])
2026-02-10 13:51:10 - INFO - deltas.shape = (4,), deltas = array([15, 20, 25, 31])
2026-02-10 13:51:10 - INFO - deltas.shape = (4,), deltas = array([15, 20, 25, 31])
2026-02-10 13:51:10 - INFO - chord#246 roll#1 Early stop: no improvement for 50 iterations (max_no_improve=50)
2026-02-10 13:51:10 - INFO - chord#246 SA complete: score=95.0 after 157 iterations
2026-02-10 13:51:10 - INFO - chord#246 Starting SA optimization (tolerance=4)
2026-02-10 13:51:10 - INFO - deltas.shape = (4,), deltas = array([16, 21, 26, 32])
2026-02-10 13:51:10 - INFO - deltas.shape = (4,), deltas = array([16, 21, 26, 32])
2026-02-10 13:51:10 - INFO - deltas.shape = (4,), deltas = array([16, 21, 26, 32])
2026-02-10 13:51:10 - INFO - deltas.shape = (4,), deltas = array([16, 21, 26, 32])
2026-02-10 13:51:10 - INFO - chord#246 roll#2 Early stop: no improvement for 50 iterations (max_no_improve=50)
2026-02-10 13:51:10 - INFO - chord#246 SA complete: score=96.0 after 52 iterations
2026-02-10 13:51:10 - INFO - chord#246 Starting SA optimization (tolerance=4)
2026-02-10 13:51:10 - INFO - chord#246 roll#3 Early stop: no improvement for 50 iterations (max_no_improve=50)
2026-02-10 13:51:10 - INFO - chord#246 SA complete: score=74.0 after 52 iterations
2026-02-10 13:51:10 - INFO - chord#246 Starting SA optimization (tolerance=4)
2026-02-10 13:51:10 - INFO - chord#246 roll#4 Early stop: no improvement for 50 iterations (max_no_improve=50)
2026-02-10 13:51:10 - INFO - chord#246 SA complete: score=93.0 after 152 iterations
2026-02-10 13:51:10 - INFO - chord#246 Starting SA optimization (tolerance=4)
2026-02-10 13:51:10 - INFO - deltas.shape = (4,), deltas = array([14, 19, 24, 30])
2026-02-10 13:51:10 - INFO - deltas.shape = (4,), deltas = array([19, 14, 24, 30])
2026-02-10 13:51:10 - INFO - deltas.shape = (4,), deltas = array([30, 24, 19, 14])
2026-02-10 13:51:10 - INFO - deltas.shape = (4,), deltas = array([14, 19, 24, 30])
2026-02-10 13:51:10 - INFO - deltas.shape = (4,), deltas = array([14, 19, 24, 30])
2026-02-10 13:51:10 - INFO - chord#246 roll#5 Early stop: no improvement for 50 iterations (max_no_improve=50)
2026-02-10 13:51:10 - INFO - chord#246 SA complete: score=74.0 after 65 iterations
2026-02-10 13:51:10 - INFO - chord#246 Starting SA optimization (tolerance=4)
2026-02-10 13:51:10 - INFO - deltas.shape = (3,), deltas = array([17, 22, 27])
2026-02-10 13:51:10 - INFO - deltas.shape = (4,), deltas = array([16, 21, 26, 32])
2026-02-10 13:51:10 - INFO - deltas.shape = (4,), deltas = array([32, 26, 21, 16])
2026-02-10 13:51:10 - INFO - deltas.shape = (4,), deltas = array([10, 15, 20, 26])
2026-02-10 13:51:10 - INFO - deltas.shape = (4,), deltas = array([10, 15, 20, 26])
2026-02-10 13:51:10 - INFO - chord#246 roll#6 Early stop: no improvement for 50 iterations (max_no_improve=50)
2026-02-10 13:51:10 - INFO - chord#246 SA complete: score=98.0 after 90 iterations
2026-02-10 13:51:10 - INFO - chord#246 Starting SA optimization (tolerance=4)
2026-02-10 13:51:10 - INFO - chord#246 roll#7 Early stop: no improvement for 50 iterations (max_no_improve=50)
2026-02-10 13:51:10 - INFO - chord#246 SA complete: score=101.0 after 105 iterations
2026-02-10 13:51:10 - INFO - chord#246 Starting SA optimization (tolerance=4)
2026-02-10 13:51:10 - INFO - chord#246 roll#8 Early stop: no improvement for 50 iterations (max_no_improve=50)
2026-02-10 13:51:10 - INFO - chord#246 SA complete: score=74.0 after 79 iterations
2026-02-10 13:51:10 - INFO - chord#246 Best roll: 3/8, score=74.0
2026-02-10 13:51:10 - INFO - chord#248 Starting SA optimization (tolerance=4)
2026-02-10 13:51:10 - INFO - chord#248 roll#1 Early stop: no improvement for 50 iterations (max_no_improve=50)
2026-02-10 13:51:10 - INFO - chord#248 SA complete: score=96.0 after 85 iterations
2026-02-10 13:51:10 - INFO - chord#248 Starting SA optimization (tolerance=4)
2026-02-10 13:51:10 - INFO - chord#248 roll#2 Early stop: no improvement for 50 iterations (max_no_improve=50)
2026-02-10 13:51:10 - INFO - chord#248 SA complete: score=121.0 after 95 iterations
2026-02-10 13:51:10 - INFO - chord#248 Starting SA optimization (tolerance=4)
2026-02-10 13:51:10 - INFO - deltas.shape = (4,), deltas = array([29, 24, 34, 40])
2026-02-10 13:51:10 - INFO - deltas.shape = (4,), deltas = array([24, 29, 34, 40])
2026-02-10 13:51:10 - INFO - deltas.shape = (4,), deltas = array([24, 29, 34, 40])
2026-02-10 13:51:10 - INFO - deltas.shape = (4,), deltas = array([24, 29, 34, 40])
2026-02-10 13:51:10 - INFO - deltas.shape = (4,), deltas = array([24, 29, 34, 40])
2026-02-10 13:51:10 - INFO - chord#248 roll#3 Early stop: no improvement for 50 iterations (max_no_improve=50)
2026-02-10 13:51:10 - INFO - chord#248 SA complete: score=74.0 after 90 iterations
2026-02-10 13:51:10 - INFO - chord#248 Starting SA optimization (tolerance=4)
2026-02-10 13:51:10 - INFO - deltas.shape = (4,), deltas = array([23, 28, 33, 39])
2026-02-10 13:51:10 - INFO - chord#248 roll#4 Early stop: no improvement for 50 iterations (max_no_improve=50)
2026-02-10 13:51:10 - INFO - chord#248 SA complete: score=96.0 after 54 iterations
2026-02-10 13:51:10 - INFO - chord#248 Starting SA optimization (tolerance=4)
2026-02-10 13:51:11 - INFO - chord#248 roll#5 Early stop: no improvement for 50 iterations (max_no_improve=50)
2026-02-10 13:51:11 - INFO - chord#248 SA complete: score=93.0 after 59 iterations
2026-02-10 13:51:11 - INFO - chord#248 Starting SA optimization (tolerance=4)
2026-02-10 13:51:11 - INFO - chord#248 roll#6 Early stop: no improvement for 50 iterations (max_no_improve=50)
2026-02-10 13:51:11 - INFO - chord#248 SA complete: score=128.0 after 102 iterations
2026-02-10 13:51:11 - INFO - chord#248 Starting SA optimization (tolerance=4)
2026-02-10 13:51:11 - INFO - deltas.shape = (3,), deltas = array([27, 32, 37])
2026-02-10 13:51:11 - INFO - deltas.shape = (3,), deltas = array([27, 32, 37])
2026-02-10 13:51:11 - INFO - deltas.shape = (3,), deltas = array([32, 27, 37])
2026-02-10 13:51:11 - INFO - deltas.shape = (3,), deltas = array([27, 32, 37])
2026-02-10 13:51:11 - INFO - deltas.shape = (3,), deltas = array([27, 32, 37])
2026-02-10 13:51:11 - INFO - chord#248 roll#7 Early stop: no improvement for 50 iterations (max_no_improve=50)
2026-02-10 13:51:11 - INFO - chord#248 SA complete: score=74.0 after 104 iterations
2026-02-10 13:51:11 - INFO - chord#248 Starting SA optimization (tolerance=4)
2026-02-10 13:51:11 - INFO - deltas.shape = (4,), deltas = array([24, 29, 34, 40])
2026-02-10 13:51:11 - INFO - deltas.shape = (4,), deltas = array([24, 29, 34, 40])
2026-02-10 13:51:11 - INFO - deltas.shape = (4,), deltas = array([24, 29, 34, 40])
2026-02-10 13:51:11 - INFO - deltas.shape = (4,), deltas = array([24, 29, 34, 40])
2026-02-10 13:51:11 - INFO - deltas.shape = (4,), deltas = array([24, 29, 34, 40])
2026-02-10 13:51:11 - INFO - chord#248 roll#8 Early stop: no improvement for 50 iterations (max_no_improve=50)
2026-02-10 13:51:11 - INFO - chord#248 SA complete: score=135.0 after 79 iterations
2026-02-10 13:51:11 - INFO - chord#248 Best roll: 3/8, score=74.0
2026-02-10 13:51:11 - INFO - chord#250 Starting SA optimization (tolerance=4)
2026-02-10 13:51:11 - INFO - chord#250 roll#1 Early stop: no improvement for 50 iterations (max_no_improve=50)
2026-02-10 13:51:11 - INFO - chord#250 SA complete: score=99.0 after 63 iterations
2026-02-10 13:51:11 - INFO - chord#250 Starting SA optimization (tolerance=4)
2026-02-10 13:51:11 - INFO - chord#250 roll#2 Early stop: no improvement for 50 iterations (max_no_improve=50)
2026-02-10 13:51:11 - INFO - chord#250 SA complete: score=93.0 after 64 iterations
2026-02-10 13:51:11 - INFO - chord#250 Starting SA optimization (tolerance=4)
2026-02-10 13:51:11 - INFO - chord#250 roll#3 Early stop: no improvement for 50 iterations (max_no_improve=50)
2026-02-10 13:51:11 - INFO - chord#250 SA complete: score=93.0 after 63 iterations
2026-02-10 13:51:11 - INFO - chord#250 Starting SA optimization (tolerance=4)
2026-02-10 13:51:11 - INFO - chord#250 roll#4 Early stop: no improvement for 50 iterations (max_no_improve=50)
2026-02-10 13:51:11 - INFO - chord#250 SA complete: score=97.0 after 61 iterations
2026-02-10 13:51:11 - INFO - chord#250 Starting SA optimization (tolerance=4)
2026-02-10 13:51:11 - INFO - chord#250 roll#5 Early stop: no improvement for 50 iterations (max_no_improve=50)
2026-02-10 13:51:11 - INFO - chord#250 SA complete: score=88.0 after 58 iterations
2026-02-10 13:51:11 - INFO - chord#250 Starting SA optimization (tolerance=4)
2026-02-10 13:51:11 - INFO - chord#250 roll#6 Early stop: no improvement for 50 iterations (max_no_improve=50)
2026-02-10 13:51:11 - INFO - chord#250 SA complete: score=99.0 after 104 iterations
2026-02-10 13:51:11 - INFO - chord#250 Starting SA optimization (tolerance=4)
2026-02-10 13:51:11 - INFO - chord#250 roll#7 Early stop: no improvement for 50 iterations (max_no_improve=50)
2026-02-10 13:51:11 - INFO - chord#250 SA complete: score=97.0 after 87 iterations
2026-02-10 13:51:11 - INFO - chord#250 Starting SA optimization (tolerance=4)
2026-02-10 13:51:11 - INFO - chord#250 roll#8 Early stop: no improvement for 50 iterations (max_no_improve=50)
2026-02-10 13:51:11 - INFO - chord#250 SA complete: score=93.0 after 90 iterations
2026-02-10 13:51:11 - INFO - chord#250 Best roll: 5/8, score=88.0
2026-02-10 13:51:11 - INFO - chord#252 Starting SA optimization (tolerance=4)
2026-02-10 13:51:11 - INFO - chord#252 roll#1 Early stop: no improvement for 50 iterations (max_no_improve=50)
2026-02-10 13:51:11 - INFO - chord#252 SA complete: score=67.0 after 102 iterations
2026-02-10 13:51:11 - INFO - chord#252 Starting SA optimization (tolerance=4)
2026-02-10 13:51:11 - INFO - chord#252 roll#2 Early stop: no improvement for 50 iterations (max_no_improve=50)
2026-02-10 13:51:11 - INFO - chord#252 SA complete: score=105.0 after 69 iterations
2026-02-10 13:51:11 - INFO - chord#252 Starting SA optimization (tolerance=4)
2026-02-10 13:51:11 - INFO - chord#252 roll#3 Early stop: no improvement for 50 iterations (max_no_improve=50)
2026-02-10 13:51:11 - INFO - chord#252 SA complete: score=90.0 after 50 iterations
2026-02-10 13:51:11 - INFO - chord#252 Starting SA optimization (tolerance=4)
2026-02-10 13:51:11 - INFO - chord#252 roll#4 Early stop: no improvement for 50 iterations (max_no_improve=50)
2026-02-10 13:51:11 - INFO - chord#252 SA complete: score=67.0 after 68 iterations
2026-02-10 13:51:11 - INFO - chord#252 Starting SA optimization (tolerance=4)
2026-02-10 13:51:11 - INFO - chord#252 roll#5 Early stop: no improvement for 50 iterations (max_no_improve=50)
2026-02-10 13:51:11 - INFO - chord#252 SA complete: score=91.0 after 57 iterations
2026-02-10 13:51:11 - INFO - chord#252 Starting SA optimization (tolerance=4)
2026-02-10 13:51:11 - INFO - chord#252 roll#6 Early stop: no improvement for 50 iterations (max_no_improve=50)
2026-02-10 13:51:11 - INFO - chord#252 SA complete: score=90.0 after 73 iterations
2026-02-10 13:51:11 - INFO - chord#252 Best roll: 1/6, score=67.0
2026-02-10 13:51:11 - INFO - chord#254 Starting SA optimization (tolerance=4)
2026-02-10 13:51:11 - INFO - chord#254 roll#1 Early stop: no improvement for 50 iterations (max_no_improve=50)
2026-02-10 13:51:11 - INFO - chord#254 SA complete: score=52.0 after 54 iterations
2026-02-10 13:51:11 - INFO - chord#254 Starting SA optimization (tolerance=4)
2026-02-10 13:51:11 - INFO - chord#254 roll#2 Early stop: no improvement for 50 iterations (max_no_improve=50)
2026-02-10 13:51:11 - INFO - chord#254 SA complete: score=52.0 after 61 iterations
2026-02-10 13:51:11 - INFO - chord#254 Starting SA optimization (tolerance=4)
2026-02-10 13:51:11 - INFO - chord#254 roll#3 Early stop: no improvement for 50 iterations (max_no_improve=50)
2026-02-10 13:51:11 - INFO - chord#254 SA complete: score=44.0 after 50 iterations
2026-02-10 13:51:11 - INFO - chord#254 Starting SA optimization (tolerance=4)
2026-02-10 13:51:11 - INFO - chord#254 roll#4 Early stop: no improvement for 50 iterations (max_no_improve=50)
2026-02-10 13:51:11 - INFO - chord#254 SA complete: score=44.0 after 53 iterations
2026-02-10 13:51:11 - INFO - chord#254 Starting SA optimization (tolerance=4)
2026-02-10 13:51:11 - INFO - chord#254 roll#5 Early stop: no improvement for 50 iterations (max_no_improve=50)
2026-02-10 13:51:11 - INFO - chord#254 SA complete: score=52.0 after 66 iterations
2026-02-10 13:51:11 - INFO - chord#254 Starting SA optimization (tolerance=4)
2026-02-10 13:51:11 - INFO - chord#254 roll#6 Early stop: no improvement for 50 iterations (max_no_improve=50)
2026-02-10 13:51:11 - INFO - chord#254 SA complete: score=52.0 after 51 iterations
2026-02-10 13:51:11 - INFO - chord#254 Starting SA optimization (tolerance=4)
2026-02-10 13:51:11 - INFO - chord#254 roll#7 Early stop: no improvement for 50 iterations (max_no_improve=50)
2026-02-10 13:51:11 - INFO - chord#254 SA complete: score=44.0 after 53 iterations
2026-02-10 13:51:11 - INFO - chord#254 Starting SA optimization (tolerance=4)
2026-02-10 13:51:11 - INFO - chord#254 roll#8 Early stop: no improvement for 50 iterations (max_no_improve=50)
2026-02-10 13:51:11 - INFO - chord#254 SA complete: score=44.0 after 51 iterations
2026-02-10 13:51:11 - INFO - chord#254 Best roll: 3/8, score=44.0
2026-02-10 13:51:11 - INFO - chord#256 Starting SA optimization (tolerance=4)
2026-02-10 13:51:11 - INFO - chord#256 roll#1 Early stop: no improvement for 50 iterations (max_no_improve=50)
2026-02-10 13:51:11 - INFO - chord#256 SA complete: score=98.0 after 161 iterations
2026-02-10 13:51:11 - INFO - chord#256 Starting SA optimization (tolerance=4)
2026-02-10 13:51:11 - INFO - chord#256 roll#2 Early stop: no improvement for 50 iterations (max_no_improve=50)
2026-02-10 13:51:11 - INFO - chord#256 SA complete: score=78.0 after 58 iterations
2026-02-10 13:51:11 - INFO - chord#256 Starting SA optimization (tolerance=4)
2026-02-10 13:51:11 - INFO - chord#256 roll#3 Early stop: no improvement for 50 iterations (max_no_improve=50)
2026-02-10 13:51:11 - INFO - chord#256 SA complete: score=96.0 after 85 iterations
2026-02-10 13:51:11 - INFO - chord#256 Starting SA optimization (tolerance=4)
2026-02-10 13:51:11 - INFO - chord#256 roll#4 Early stop: no improvement for 50 iterations (max_no_improve=50)
2026-02-10 13:51:11 - INFO - chord#256 SA complete: score=112.0 after 85 iterations
2026-02-10 13:51:11 - INFO - chord#256 Starting SA optimization (tolerance=4)
2026-02-10 13:51:11 - INFO - chord#256 roll#5 Early stop: no improvement for 50 iterations (max_no_improve=50)
2026-02-10 13:51:11 - INFO - chord#256 SA complete: score=112.0 after 60 iterations
2026-02-10 13:51:11 - INFO - chord#256 Starting SA optimization (tolerance=4)
2026-02-10 13:51:12 - INFO - chord#256 roll#6 Early stop: no improvement for 50 iterations (max_no_improve=50)
2026-02-10 13:51:12 - INFO - chord#256 SA complete: score=78.0 after 62 iterations
2026-02-10 13:51:12 - INFO - chord#256 Starting SA optimization (tolerance=4)
2026-02-10 13:51:12 - INFO - chord#256 roll#7 Early stop: no improvement for 50 iterations (max_no_improve=50)
2026-02-10 13:51:12 - INFO - chord#256 SA complete: score=98.0 after 52 iterations
2026-02-10 13:51:12 - INFO - chord#256 Best roll: 2/7, score=78.0
2026-02-10 13:51:12 - INFO - chord#260 Starting SA optimization (tolerance=4)
2026-02-10 13:51:12 - INFO - chord#260 roll#1 Early stop: no improvement for 50 iterations (max_no_improve=50)
2026-02-10 13:51:12 - INFO - chord#260 SA complete: score=47.0 after 72 iterations
2026-02-10 13:51:12 - INFO - chord#260 Starting SA optimization (tolerance=4)
2026-02-10 13:51:12 - INFO - chord#260 roll#2 Early stop: no improvement for 50 iterations (max_no_improve=50)
2026-02-10 13:51:12 - INFO - chord#260 SA complete: score=47.0 after 52 iterations
2026-02-10 13:51:12 - INFO - chord#260 Starting SA optimization (tolerance=4)
2026-02-10 13:51:12 - INFO - chord#260 roll#3 Early stop: no improvement for 50 iterations (max_no_improve=50)
2026-02-10 13:51:12 - INFO - chord#260 SA complete: score=47.0 after 50 iterations
2026-02-10 13:51:12 - INFO - chord#260 Starting SA optimization (tolerance=4)
2026-02-10 13:51:12 - INFO - chord#260 roll#4 Early stop: no improvement for 50 iterations (max_no_improve=50)
2026-02-10 13:51:12 - INFO - chord#260 SA complete: score=47.0 after 58 iterations
2026-02-10 13:51:12 - INFO - chord#260 Starting SA optimization (tolerance=4)
2026-02-10 13:51:12 - INFO - chord#260 roll#5 Early stop: no improvement for 50 iterations (max_no_improve=50)
2026-02-10 13:51:12 - INFO - chord#260 SA complete: score=88.0 after 75 iterations
2026-02-10 13:51:12 - INFO - chord#260 Starting SA optimization (tolerance=4)
2026-02-10 13:51:12 - INFO - chord#260 roll#6 Early stop: no improvement for 50 iterations (max_no_improve=50)
2026-02-10 13:51:12 - INFO - chord#260 SA complete: score=47.0 after 49 iterations
2026-02-10 13:51:12 - INFO - chord#260 Best roll: 1/6, score=47.0
2026-02-10 13:51:12 - INFO - chord#262 Starting SA optimization (tolerance=4)
2026-02-10 13:51:12 - INFO - chord#262 roll#1 Early stop: no improvement for 50 iterations (max_no_improve=50)
2026-02-10 13:51:12 - INFO - chord#262 SA complete: score=100.0 after 52 iterations
2026-02-10 13:51:12 - INFO - chord#262 Starting SA optimization (tolerance=4)
2026-02-10 13:51:12 - INFO - chord#262 roll#2 Early stop: no improvement for 50 iterations (max_no_improve=50)
2026-02-10 13:51:12 - INFO - chord#262 SA complete: score=64.0 after 120 iterations
2026-02-10 13:51:12 - INFO - chord#262 Starting SA optimization (tolerance=4)
2026-02-10 13:51:12 - INFO - chord#262 roll#3 Early stop: no improvement for 50 iterations (max_no_improve=50)
2026-02-10 13:51:12 - INFO - chord#262 SA complete: score=100.0 after 52 iterations
2026-02-10 13:51:12 - INFO - chord#262 Starting SA optimization (tolerance=4)
2026-02-10 13:51:12 - INFO - chord#262 roll#4 Early stop: no improvement for 50 iterations (max_no_improve=50)
2026-02-10 13:51:12 - INFO - chord#262 SA complete: score=104.0 after 53 iterations
2026-02-10 13:51:12 - INFO - chord#262 Starting SA optimization (tolerance=4)
2026-02-10 13:51:12 - INFO - chord#262 roll#5 Early stop: no improvement for 50 iterations (max_no_improve=50)
2026-02-10 13:51:12 - INFO - chord#262 SA complete: score=100.0 after 87 iterations
2026-02-10 13:51:12 - INFO - chord#262 Starting SA optimization (tolerance=4)
2026-02-10 13:51:12 - INFO - chord#262 roll#6 Early stop: no improvement for 50 iterations (max_no_improve=50)
2026-02-10 13:51:12 - INFO - chord#262 SA complete: score=74.0 after 83 iterations
2026-02-10 13:51:12 - INFO - chord#262 Starting SA optimization (tolerance=4)
2026-02-10 13:51:12 - INFO - chord#262 roll#7 Early stop: no improvement for 50 iterations (max_no_improve=50)
2026-02-10 13:51:12 - INFO - chord#262 SA complete: score=64.0 after 126 iterations
2026-02-10 13:51:12 - INFO - chord#262 Best roll: 2/7, score=64.0
2026-02-10 13:51:12 - INFO - chord#264 Starting SA optimization (tolerance=4)
2026-02-10 13:51:12 - INFO - chord#264 roll#1 Early stop: no improvement for 50 iterations (max_no_improve=50)
2026-02-10 13:51:12 - INFO - chord#264 SA complete: score=110.0 after 98 iterations
2026-02-10 13:51:12 - INFO - chord#264 Starting SA optimization (tolerance=4)
2026-02-10 13:51:12 - INFO - chord#264 roll#2 Early stop: no improvement for 50 iterations (max_no_improve=50)
2026-02-10 13:51:12 - INFO - chord#264 SA complete: score=102.0 after 65 iterations
2026-02-10 13:51:12 - INFO - chord#264 Starting SA optimization (tolerance=4)
2026-02-10 13:51:12 - INFO - chord#264 roll#3 Early stop: no improvement for 50 iterations (max_no_improve=50)
2026-02-10 13:51:12 - INFO - chord#264 SA complete: score=67.0 after 52 iterations
2026-02-10 13:51:12 - INFO - chord#264 Starting SA optimization (tolerance=4)
2026-02-10 13:51:12 - INFO - chord#264 roll#4 Early stop: no improvement for 50 iterations (max_no_improve=50)
2026-02-10 13:51:12 - INFO - chord#264 SA complete: score=79.0 after 87 iterations
2026-02-10 13:51:12 - INFO - chord#264 Starting SA optimization (tolerance=4)
2026-02-10 13:51:12 - INFO - chord#264 roll#5 Early stop: no improvement for 50 iterations (max_no_improve=50)
2026-02-10 13:51:12 - INFO - chord#264 SA complete: score=79.0 after 59 iterations
2026-02-10 13:51:12 - INFO - chord#264 Starting SA optimization (tolerance=4)
2026-02-10 13:51:12 - INFO - chord#264 roll#6 Early stop: no improvement for 50 iterations (max_no_improve=50)
2026-02-10 13:51:12 - INFO - chord#264 SA complete: score=79.0 after 53 iterations
2026-02-10 13:51:12 - INFO - chord#264 Starting SA optimization (tolerance=4)
2026-02-10 13:51:12 - INFO - chord#264 roll#7 Early stop: no improvement for 50 iterations (max_no_improve=50)
2026-02-10 13:51:12 - INFO - chord#264 SA complete: score=90.0 after 121 iterations
2026-02-10 13:51:12 - INFO - chord#264 Starting SA optimization (tolerance=4)
2026-02-10 13:51:12 - INFO - chord#264 roll#8 Early stop: no improvement for 50 iterations (max_no_improve=50)
2026-02-10 13:51:12 - INFO - chord#264 SA complete: score=67.0 after 113 iterations
2026-02-10 13:51:12 - INFO - chord#264 Best roll: 3/8, score=67.0
2026-02-10 13:51:12 - INFO - chord#268 Starting SA optimization (tolerance=4)
2026-02-10 13:51:12 - INFO - chord#268 roll#1 Early stop: no improvement for 50 iterations (max_no_improve=50)
2026-02-10 13:51:12 - INFO - chord#268 SA complete: score=43.0 after 69 iterations
2026-02-10 13:51:12 - INFO - chord#268 Starting SA optimization (tolerance=4)
2026-02-10 13:51:13 - INFO - chord#268 roll#2 Early stop: no improvement for 50 iterations (max_no_improve=50)
2026-02-10 13:51:13 - INFO - chord#268 SA complete: score=93.0 after 80 iterations
2026-02-10 13:51:13 - INFO - chord#268 Starting SA optimization (tolerance=4)
2026-02-10 13:51:13 - INFO - chord#268 roll#3 Early stop: no improvement for 50 iterations (max_no_improve=50)
2026-02-10 13:51:13 - INFO - chord#268 SA complete: score=43.0 after 79 iterations
2026-02-10 13:51:13 - INFO - chord#268 Starting SA optimization (tolerance=4)
2026-02-10 13:51:13 - INFO - chord#268 roll#4 Early stop: no improvement for 50 iterations (max_no_improve=50)
2026-02-10 13:51:13 - INFO - chord#268 SA complete: score=43.0 after 96 iterations
2026-02-10 13:51:13 - INFO - chord#268 Starting SA optimization (tolerance=4)
2026-02-10 13:51:13 - INFO - chord#268 roll#5 Early stop: no improvement for 50 iterations (max_no_improve=50)
2026-02-10 13:51:13 - INFO - chord#268 SA complete: score=43.0 after 50 iterations
2026-02-10 13:51:13 - INFO - chord#268 Starting SA optimization (tolerance=4)
2026-02-10 13:51:13 - INFO - chord#268 roll#6 Early stop: no improvement for 50 iterations (max_no_improve=50)
2026-02-10 13:51:13 - INFO - chord#268 SA complete: score=93.0 after 55 iterations
2026-02-10 13:51:13 - INFO - chord#268 Best roll: 1/6, score=43.0
2026-02-10 13:51:13 - INFO - chord#270 Starting SA optimization (tolerance=4)
2026-02-10 13:51:13 - INFO - chord#270 roll#1 Early stop: no improvement for 50 iterations (max_no_improve=50)
2026-02-10 13:51:13 - INFO - chord#270 SA complete: score=87.0 after 54 iterations
2026-02-10 13:51:13 - INFO - chord#270 Starting SA optimization (tolerance=4)
2026-02-10 13:51:13 - INFO - chord#270 roll#2 Early stop: no improvement for 50 iterations (max_no_improve=50)
2026-02-10 13:51:13 - INFO - chord#270 SA complete: score=67.0 after 82 iterations
2026-02-10 13:51:13 - INFO - chord#270 Starting SA optimization (tolerance=4)
2026-02-10 13:51:13 - INFO - chord#270 roll#3 Early stop: no improvement for 50 iterations (max_no_improve=50)
2026-02-10 13:51:13 - INFO - chord#270 SA complete: score=91.0 after 65 iterations
2026-02-10 13:51:13 - INFO - chord#270 Starting SA optimization (tolerance=4)
2026-02-10 13:51:13 - INFO - chord#270 roll#4 Early stop: no improvement for 50 iterations (max_no_improve=50)
2026-02-10 13:51:13 - INFO - chord#270 SA complete: score=98.0 after 121 iterations
2026-02-10 13:51:13 - INFO - chord#270 Starting SA optimization (tolerance=4)
2026-02-10 13:51:13 - INFO - chord#270 roll#5 Early stop: no improvement for 50 iterations (max_no_improve=50)
2026-02-10 13:51:13 - INFO - chord#270 SA complete: score=110.0 after 74 iterations
2026-02-10 13:51:13 - INFO - chord#270 Starting SA optimization (tolerance=4)
2026-02-10 13:51:13 - INFO - chord#270 roll#6 Early stop: no improvement for 50 iterations (max_no_improve=50)
2026-02-10 13:51:13 - INFO - chord#270 SA complete: score=98.0 after 87 iterations
2026-02-10 13:51:13 - INFO - chord#270 Starting SA optimization (tolerance=4)
2026-02-10 13:51:13 - INFO - chord#270 roll#7 Early stop: no improvement for 50 iterations (max_no_improve=50)
2026-02-10 13:51:13 - INFO - chord#270 SA complete: score=67.0 after 124 iterations
2026-02-10 13:51:13 - INFO - chord#270 Best roll: 2/7, score=67.0
2026-02-10 13:51:13 - INFO - chord#272 Starting SA optimization (tolerance=4)
2026-02-10 13:51:13 - INFO - chord#272 roll#1 Early stop: no improvement for 50 iterations (max_no_improve=50)
2026-02-10 13:51:13 - INFO - chord#272 SA complete: score=27.0 after 49 iterations
2026-02-10 13:51:13 - INFO - chord#272 Starting SA optimization (tolerance=4)
2026-02-10 13:51:13 - INFO - chord#272 roll#2 Early stop: no improvement for 50 iterations (max_no_improve=50)
2026-02-10 13:51:13 - INFO - chord#272 SA complete: score=27.0 after 54 iterations
2026-02-10 13:51:13 - INFO - chord#272 Starting SA optimization (tolerance=4)
2026-02-10 13:51:13 - INFO - chord#272 roll#3 Early stop: no improvement for 50 iterations (max_no_improve=50)
2026-02-10 13:51:13 - INFO - chord#272 SA complete: score=27.0 after 49 iterations
2026-02-10 13:51:13 - INFO - chord#272 Starting SA optimization (tolerance=4)
2026-02-10 13:51:13 - INFO - chord#272 roll#4 Early stop: no improvement for 50 iterations (max_no_improve=50)
2026-02-10 13:51:13 - INFO - chord#272 SA complete: score=27.0 after 59 iterations
2026-02-10 13:51:13 - INFO - chord#272 Starting SA optimization (tolerance=4)
2026-02-10 13:51:13 - INFO - chord#272 roll#5 Early stop: no improvement for 50 iterations (max_no_improve=50)
2026-02-10 13:51:13 - INFO - chord#272 SA complete: score=27.0 after 50 iterations
2026-02-10 13:51:13 - INFO - chord#272 Starting SA optimization (tolerance=4)
2026-02-10 13:51:13 - INFO - chord#272 roll#6 Early stop: no improvement for 50 iterations (max_no_improve=50)
2026-02-10 13:51:13 - INFO - chord#272 SA complete: score=27.0 after 49 iterations
2026-02-10 13:51:13 - INFO - chord#272 Best roll: 1/6, score=27.0
2026-02-10 13:51:13 - INFO - === SAVE LOGIC v2.2 for bwv261 ===
2026-02-10 13:51:13 - INFO - output_dir: /home/prent/Dropbox/Tutorials/TonicNet/One-footed-bride-tuning/Archive/opt/tolerance-4
2026-02-10 13:51:13 - INFO - output_file: /home/prent/Dropbox/Tutorials/TonicNet/One-footed-bride-tuning/Archive/opt/tolerance-4/bwv261-sa-opt.npy
2026-02-10 13:51:13 - INFO - bwv261: No improvement. mean=56.3 vs previous=55.5
2026-02-10 13:51:13 - INFO - bwv261: Keeping previous best (mean=55.5)
