02 11:22:42 - INFO - limit_value = 19, limit_denominator = 50, tonal_diamond_values.shape = (84, 3)
02 11:22:42 - INFO - save_midi_file = False, 
02 11:22:42 - INFO - version = 'bwv255', chorale.shape = (4, 128), root = 7, keys[root] = 'G♮', mode = 'major', time_sig = '4/4'
02 11:22:42 - INFO - In load_chorale_in_cents. About to load top_notes from file_name = '/home/prent/Repos/One-footed-bride-tuning/Archive/straw-man/t4_r1.75_s0_md33_sn0_lm19/bwv255top-notes.npy'
02 11:22:42 - INFO - Loaded top_notes from /home/prent/Repos/One-footed-bride-tuning/Archive/straw-man/t4_r1.75_s0_md33_sn0_lm19/bwv255top-notes.npy, re-ordered by chorale frequency
02 11:22:42 - INFO - chorale_in_cents.shape = (4, 128), chorale.shape = (4, 128)
02 11:22:42 - INFO - Current top_notes:
02 11:22:42 - INFO -    0    1    2    3    4    5    6    7    8    9   10   11
02 11:22:42 - INFO -   G♮   C♮   D♮   B♮   E♮   A♮   F♯   F♮   G♯   A♯   C♯   D♯
02 11:22:42 - INFO -    7    0    2   11    4    9    6    5    8   10    1    3
02 11:22:42 - INFO -  700    0  200 1100  400  900  600  500  800 1000  100  300
02 11:22:42 - INFO - version = 'bwv255', chorale.shape = (4, 128), cent_value_chorale.shape = (4, 128), top_notes.shape = (2, 12), short_repeats = False
02 11:22:42 - INFO - Using repeat pattern: pattern = array([ 1,  3,  5, 11, 17, 31, 47, 71])
02 11:22:42 - INFO - After shuffle: pattern = array([11, 71,  3,  1, 31,  3, 11,  1])
02 11:22:42 - INFO - created repeats pattern using primes. primes = array([ 1,  3,  5, 11, 17, 31, 47, 71]), repeats[:primes.shape[0]] = array([11, 71,  3,  1, 31,  3, 11,  1])
02 11:22:42 - INFO - repeats.shape = (128,), after merging octaves and cents chorale_in_cents_octaves.shape = (4, 128, 2), after repeats applied: choral_octaves_repeated.shape = (4, 2112, 2)
02 11:22:42 - INFO - Before fixing octave values based on 1150+ cent values: (array([3., 4., 5., 6.]), array([ 22, 154, 270,  66]))
02 11:22:42 - INFO - After fixing octave values based on 1150+ cent values: (array([3., 4., 5., 6.]), array([ 38, 166, 262,  46]))
02 11:22:42 - INFO - about to call build_glides_array with choral_octaves_repeated.shape = (4, 2112, 2)
02 11:22:42 - INFO - stored_gliss.shape = (0, 9)
02 11:22:42 - INFO - min_delta_cents = -48.0, max_delta_cents = 17.0
02 11:22:42 - INFO - end of build_glides_array. chorale_in_cents_slides.shape = (4, 2112, 2), glides.shape = (4, 2112), stored_gliss.shape = (4, 9), t_num = 1504
02 11:22:42 - INFO - Back in main line. back from build_glides_array. glides.shape = (4, 2112), stored_gliss.shape = (4, 9), t_num = 1504
02 11:22:42 - INFO - about to call expand_chorale with choral_octaves_repeated.shape = (4, 2112, 2)
chorale_in_cents_slides.shape = (4, 2112, 2)
02 11:22:42 - INFO - In expand_chorale. chorale_in_cents_slides.shape = (4, 2112, 2), glides.shape = (4, 2112), stored_gliss.shape = (4, 9) include_instruments = [],
02 11:22:42 - INFO - repeats.shape = (128,), repeats_average = 16, quantization = 3
02 11:22:42 - INFO - repeats_average * quantization = 48, tempo = 96
02 11:22:42 - INFO - probabilities: probs.shape[0] = 6, round(step,4) = 0.052, round(np.max(probs[:,1]),4) = 0.1041, round(np.average(probs[:,1]),4) = 0.0521, round(1 - max_silence, 4) = 0.0036
02 11:22:42 - INFO - time_slots = 32, start_time_slot = 5, repeats.shape = (128,), repeats_average = 16
02 11:22:42 - INFO - time_slots = 32, max_value = 25, max_section_sum = 70, max_voice_value = 10
02 11:22:42 - INFO - volume_function.shape = (8, 32)
02 11:22:42 - INFO - Setting final time_slot 31 to uniform value 2
02 11:22:42 - INFO - Time slot 1 total 0 < flexible_min 11; increasing by 11
02 11:22:42 - INFO - Time slot 2 total 9 < flexible_min 14; increasing by 5
02 11:22:42 - INFO - Time slot 3 total 2 < flexible_min 11; increasing by 9
02 11:22:42 - INFO - Time slot 4 total 6 < flexible_min 10; increasing by 4
02 11:22:42 - INFO - Time slot 6 total 6 < flexible_min 11; increasing by 5
02 11:22:42 - INFO - Time slot 7 total 0 < flexible_min 11; increasing by 11
02 11:22:42 - INFO - Time slot 10 total 6 < flexible_min 8; increasing by 2
02 11:22:42 - INFO - Time slot 15 total 9 < flexible_min 11; increasing by 2
02 11:22:42 - INFO - Time slot 19 total 1 < flexible_min 11; increasing by 10
02 11:22:42 - INFO - Time slot 26 total 0 < flexible_min 11; increasing by 11
02 11:22:42 - INFO - Sum before final clip: np.sum(volume_function) = 569
02 11:22:42 - INFO - Sum after final clip: np.sum(final_answer) = 569
02 11:22:42 - INFO - volume_function.shape = (8, 32)
02 11:22:42 - INFO - sums of each time_slot: 
02 11:22:42 - INFO - 0: 11
02 11:22:42 - INFO - 1: 11
02 11:22:42 - INFO - 2: 14
02 11:22:42 - INFO - 3: 11
02 11:22:42 - INFO - 4: 10
02 11:22:42 - INFO - 5: 11
02 11:22:42 - INFO - 6: 11
02 11:22:42 - INFO - 7: 11
02 11:22:42 - INFO - 8: 17
02 11:22:42 - INFO - 9: 19
02 11:22:42 - INFO - 10: 8
02 11:22:42 - INFO - 11: 27
02 11:22:42 - INFO - 12: 20
02 11:22:42 - INFO - 13: 19
02 11:22:42 - INFO - 14: 17
02 11:22:42 - INFO - 15: 11
02 11:22:42 - INFO - 16: 33
02 11:22:42 - INFO - 17: 34
02 11:22:42 - INFO - 18: 12
02 11:22:42 - INFO - 19: 11
02 11:22:42 - INFO - 20: 39
02 11:22:42 - INFO - 21: 12
02 11:22:42 - INFO - 22: 20
02 11:22:42 - INFO - 23: 25
02 11:22:42 - INFO - 24: 17
02 11:22:42 - INFO - 25: 14
02 11:22:42 - INFO - 26: 11
02 11:22:42 - INFO - 27: 15
02 11:22:42 - INFO - 28: 22
02 11:22:42 - INFO - 29: 15
02 11:22:42 - INFO - 30: 45
02 11:22:42 - INFO - 31: 16
02 11:22:42 - INFO - Average sums: 17
02 11:22:42 - INFO - before shuffle: [np.sum(vol) for vol in volume_function.T] = [11, 11, 14, 11, 10, 11, 11, 11, 17, 19, 8, 27, 20, 19, 17, 11, 33, 34, 12, 11, 39, 12, 20, 25, 17, 14, 11, 15, 22, 15, 45, 16]
02 11:22:42 - INFO - after shuffle: [np.sum(vol) for vol in volume_function.T] = [12, 27, 45, 12, 15, 11, 25, 10, 11, 20, 11, 34, 8, 11, 20, 22, 17, 19, 15, 19, 17, 11, 14, 33, 11, 17, 11, 39, 11, 11, 14, 16]
02 11:22:42 - INFO - in finger_piano_part. chorale.shape = (4, 2112, 2), glides.shape = (4, 2112), repeats = 16, voice_names = array(['fing1', 'fing2', 'fing3', 'fing4', 'fing5', 'fing6', 'bfin1',
       'bfin2'], dtype='<U5'), probs = array([[9.479e-01, 5.209e-02],
       [8.959e-01, 1.041e-01],
       [9.999e-01, 1.000e-04],
       [9.999e-01, 1.000e-04],
       [8.959e-01, 1.041e-01],
       [9.479e-01, 5.209e-02]])
02 11:22:42 - INFO - in finger_piano_part. About to call build_density_function with volume_function.shape = (32,), vol_arr_size = 64
02 11:22:42 - INFO - volume_function = array([0, 6, 5, 7, 0, 0, 0, 3, 4, 0, 1, 3, 0, 6, 6, 0, 0, 7, 0, 5, 8, 0,
       8, 0, 0, 0, 0, 5, 2, 0, 4, 2])
02 11:22:42 - INFO - volume_array.shape = (64,)
02 11:22:42 - INFO - Percentage of zeros:  23.4%
02 11:22:42 - INFO - volume_array.shape = (2088,)
02 11:22:42 - INFO - Percentage of zeros:  11.5%
02 11:22:42 - INFO - number of cycles for density function: num_cycles = 15
02 11:22:42 - INFO - In arpeggio_mask_variable_runs. Started new run at t = 0, num_cycles = 3, run_length = 101, sparsity = 0.43, np.sum(base_pattern) = 76
02 11:22:42 - INFO - In arpeggio_mask_variable_runs. Started new run at t = 101, num_cycles = 3, run_length = 90, sparsity = 0.45, np.sum(base_pattern) = 66
02 11:22:42 - INFO - In arpeggio_mask_variable_runs. Started new run at t = 191, num_cycles = 3, run_length = 77, sparsity = 0.34, np.sum(base_pattern) = 79
02 11:22:42 - INFO - In arpeggio_mask_variable_runs. Started new run at t = 268, num_cycles = 3, run_length = 80, sparsity = 0.24, np.sum(base_pattern) = 84
02 11:22:42 - INFO - In arpeggio_mask_variable_runs. Started new run at t = 348, num_cycles = 3, run_length = 76, sparsity = 0.14, np.sum(base_pattern) = 106
02 11:22:42 - INFO - In arpeggio_mask_variable_runs. Started new run at t = 424, num_cycles = 3, run_length = 110, sparsity = 0.08, np.sum(base_pattern) = 152
02 11:22:42 - INFO - In arpeggio_mask_variable_runs. Started new run at t = 534, num_cycles = 3, run_length = 81, sparsity = 0.20, np.sum(base_pattern) = 88
02 11:22:42 - INFO - In arpeggio_mask_variable_runs. Started new run at t = 615, num_cycles = 3, run_length = 61, sparsity = 0.29, np.sum(base_pattern) = 57
02 11:22:42 - INFO - In arpeggio_mask_variable_runs. Started new run at t = 676, num_cycles = 3, run_length = 106, sparsity = 0.40, np.sum(base_pattern) = 86
02 11:22:42 - INFO - In arpeggio_mask_variable_runs. Started new run at t = 782, num_cycles = 3, run_length = 107, sparsity = 0.46, np.sum(base_pattern) = 85
02 11:22:42 - INFO - In arpeggio_mask_variable_runs. Started new run at t = 889, num_cycles = 3, run_length = 66, sparsity = 0.35, np.sum(base_pattern) = 60
02 11:22:42 - INFO - In arpeggio_mask_variable_runs. Started new run at t = 955, num_cycles = 3, run_length = 86, sparsity = 0.26, np.sum(base_pattern) = 85
02 11:22:42 - INFO - In arpeggio_mask_variable_runs. Started new run at t = 1041, num_cycles = 3, run_length = 84, sparsity = 0.15, np.sum(base_pattern) = 92
02 11:22:42 - INFO - In arpeggio_mask_variable_runs. Started new run at t = 1125, num_cycles = 3, run_length = 78, sparsity = 0.06, np.sum(base_pattern) = 106
02 11:22:42 - INFO - In arpeggio_mask_variable_runs. Started new run at t = 1203, num_cycles = 3, run_length = 79, sparsity = 0.16, np.sum(base_pattern) = 91
02 11:22:42 - INFO - In arpeggio_mask_variable_runs. Started new run at t = 1282, num_cycles = 3, run_length = 99, sparsity = 0.27, np.sum(base_pattern) = 101
02 11:22:42 - INFO - In arpeggio_mask_variable_runs. Started new run at t = 1381, num_cycles = 3, run_length = 99, sparsity = 0.40, np.sum(base_pattern) = 90
02 11:22:42 - INFO - In arpeggio_mask_variable_runs. Started new run at t = 1480, num_cycles = 3, run_length = 106, sparsity = 0.47, np.sum(base_pattern) = 73
02 11:22:42 - INFO - In arpeggio_mask_variable_runs. Started new run at t = 1586, num_cycles = 3, run_length = 86, sparsity = 0.35, np.sum(base_pattern) = 78
02 11:22:42 - INFO - In arpeggio_mask_variable_runs. Started new run at t = 1672, num_cycles = 3, run_length = 71, sparsity = 0.25, np.sum(base_pattern) = 72
02 11:22:42 - INFO - In arpeggio_mask_variable_runs. Started new run at t = 1743, num_cycles = 3, run_length = 80, sparsity = 0.15, np.sum(base_pattern) = 103
02 11:22:42 - INFO - In arpeggio_mask_variable_runs. Started new run at t = 1823, num_cycles = 3, run_length = 92, sparsity = 0.06, np.sum(base_pattern) = 125
02 11:22:42 - INFO - In arpeggio_mask_variable_runs. Started new run at t = 1915, num_cycles = 3, run_length = 103, sparsity = 0.18, np.sum(base_pattern) = 121
02 11:22:42 - INFO - In arpeggio_mask_variable_runs. Started new run at t = 2018, num_cycles = 3, run_length = 79, sparsity = 0.30, np.sum(base_pattern) = 76
02 11:22:42 - INFO - In arpeggio_mask_variable_runs. Started new run at t = 2097, num_cycles = 3, run_length = 15, sparsity = 0.36, np.sum(base_pattern) = 11
02 11:22:42 - INFO - after creation: np.sum(density_function) = 2163, np.sum(density_function == 0) = 14733, np.sum(density_function == 1) = 2163, Percentage of ones: 14.7%
02 11:22:42 - INFO - after first creation: chorale[:,:,0].shape = (8, 2112), density_function.shape = (8, 2112)
02 11:22:42 - INFO - alteration mask: (array([-1,  0,  1,  2,  3]), array([3200, 1024, 3456, 6016, 3200]))
02 11:22:42 - INFO - finger_piano_part. octave_array prior to octave alteration mask: (array([3., 4., 5., 6.]), array([ 784, 4884, 9108, 2120]))
02 11:22:42 - INFO - finger_piano_part. octave_array after octave alteration mask: (array([2., 3., 4., 5., 6., 7., 8., 9.]), array([   6, 1038, 2168, 2722, 3414, 4824, 2140,  584]))
02 11:22:42 - INFO - before masking: np.sum(octave_array) = 102036.0
02 11:22:42 - INFO - about to mask the octave array with the density_function: density_function[:, :octave_array.shape[1]].shape = (8, 2112)
02 11:22:42 - INFO - octave_array.shape = (8, 2112), np.sum(octave_array) = 102036.0 density_function.shape = (8, 2112), np.sum(density_function) = 2163
02 11:22:42 - INFO - after masking. np.sum(octave_array) = 13254.0
02 11:22:42 - INFO - finger_piano_part. after applying density function: (array([0., 2., 3., 4., 5., 6., 7., 8., 9.]), array([14733,     1,   116,   236,   373,   435,   611,   311,    80]))
02 11:22:42 - INFO - volume_function.shape = (32,), chorale_in_cents_slides.shape[1] = 2112, repeats = 16, sustain = 15, vol_arr_size = 128
02 11:22:42 - INFO - volume_function = array([ 7,  7,  3,  5,  0,  2,  7,  0,  0,  0,  5,  8,  1,  0,  7,  0,  8,
        0,  0,  0,  0,  3,  0,  3,  0,  0,  0,  7,  0, 11,  6,  2])
02 11:22:42 - INFO - in woodwinds_part. octave_reduce = 0, octave_stretch = 4, stay = 9
02 11:22:42 - INFO - woodwinds part. octave_alteration_mask buckets: values, counts: (array([0, 1, 2, 3]), array([4480, 6144, 4992, 1280]))
02 11:22:42 - INFO - octave_array prior to spread (values, counts): (array([3., 4., 5., 6.]), array([ 784, 4884, 9108, 2120]))
02 11:22:42 - INFO - octave_array after spread (values, counts): (array([3., 4., 5., 6., 7., 8., 9.]), array([ 278, 1554, 4086, 5698, 4080,  912,  288]))
02 11:22:42 - INFO - before build_long_mask_v2. repeats = 16, voices = 8, chorale_in_cents_slides.shape = (8, 2112, 2), prob_silence = [0.9964082725207809, 0.003591727479219098] 
02 11:22:42 - INFO - before masking octave_array. np.average(octave_array) = 5.925426136363637
02 11:22:42 - INFO - octave_array (values, counts): (array([3., 4., 5., 6., 7., 8., 9.]), array([ 278, 1554, 4086, 5698, 4080,  912,  288]))
02 11:22:42 - INFO - octave_silence_mask (values, counts): (array([0]), array([16896])), np.average(octave_silence_mask) = 0.0
02 11:22:42 - INFO - after masking octave_array. np.average(octave_array) = 0.0
02 11:22:42 - INFO - octave_array (values, counts): (array([0.]), array([16896]))
02 11:22:42 - INFO - in finger_piano_part. chorale.shape = (4, 2112, 2), glides.shape = (4, 2112), repeats = 16, voice_names = array(['vlip1', 'vlip2', 'vlip3', 'vlip4', 'vlap1', 'vlap2', 'celp1',
       'celp2'], dtype='<U5'), probs = array([[9.479e-01, 5.209e-02],
       [8.959e-01, 1.041e-01],
       [9.999e-01, 1.000e-04],
       [9.999e-01, 1.000e-04],
       [8.959e-01, 1.041e-01],
       [9.479e-01, 5.209e-02]])
02 11:22:42 - INFO - in finger_piano_part. About to call build_density_function with volume_function.shape = (32,), vol_arr_size = 64
02 11:22:42 - INFO - volume_function = array([0, 8, 9, 0, 0, 0, 8, 1, 0, 7, 1, 0, 0, 0, 0, 0, 0, 0, 9, 0, 0, 0,
       0, 9, 0, 8, 1, 8, 2, 0, 0, 2])
02 11:22:42 - INFO - volume_array.shape = (64,)
02 11:22:42 - INFO - Percentage of zeros:  39.1%
02 11:22:42 - INFO - volume_array.shape = (2088,)
02 11:22:42 - INFO - Percentage of zeros:  31.0%
02 11:22:42 - INFO - number of cycles for density function: num_cycles = 16
02 11:22:42 - INFO - In arpeggio_mask_variable_runs. Started new run at t = 0, num_cycles = 4, run_length = 96, sparsity = 0.41, np.sum(base_pattern) = 77
02 11:22:42 - INFO - In arpeggio_mask_variable_runs. Started new run at t = 96, num_cycles = 4, run_length = 110, sparsity = 0.41, np.sum(base_pattern) = 91
02 11:22:42 - INFO - In arpeggio_mask_variable_runs. Started new run at t = 206, num_cycles = 4, run_length = 110, sparsity = 0.22, np.sum(base_pattern) = 112
02 11:22:42 - INFO - In arpeggio_mask_variable_runs. Started new run at t = 316, num_cycles = 4, run_length = 100, sparsity = 0.06, np.sum(base_pattern) = 137
02 11:22:42 - INFO - In arpeggio_mask_variable_runs. Started new run at t = 416, num_cycles = 4, run_length = 93, sparsity = 0.22, np.sum(base_pattern) = 100
02 11:22:42 - INFO - In arpeggio_mask_variable_runs. Started new run at t = 509, num_cycles = 4, run_length = 102, sparsity = 0.39, np.sum(base_pattern) = 84
02 11:22:42 - INFO - In arpeggio_mask_variable_runs. Started new run at t = 611, num_cycles = 4, run_length = 101, sparsity = 0.44, np.sum(base_pattern) = 74
02 11:22:42 - INFO - In arpeggio_mask_variable_runs. Started new run at t = 712, num_cycles = 4, run_length = 99, sparsity = 0.27, np.sum(base_pattern) = 102
02 11:22:42 - INFO - In arpeggio_mask_variable_runs. Started new run at t = 811, num_cycles = 4, run_length = 111, sparsity = 0.09, np.sum(base_pattern) = 134
02 11:22:42 - INFO - In arpeggio_mask_variable_runs. Started new run at t = 922, num_cycles = 4, run_length = 88, sparsity = 0.18, np.sum(base_pattern) = 96
02 11:22:42 - INFO - In arpeggio_mask_variable_runs. Started new run at t = 1010, num_cycles = 4, run_length = 100, sparsity = 0.34, np.sum(base_pattern) = 89
02 11:22:42 - INFO - In arpeggio_mask_variable_runs. Started new run at t = 1110, num_cycles = 4, run_length = 92, sparsity = 0.50, np.sum(base_pattern) = 61
02 11:22:42 - INFO - In arpeggio_mask_variable_runs. Started new run at t = 1202, num_cycles = 4, run_length = 96, sparsity = 0.34, np.sum(base_pattern) = 92
02 11:22:42 - INFO - In arpeggio_mask_variable_runs. Started new run at t = 1298, num_cycles = 4, run_length = 93, sparsity = 0.18, np.sum(base_pattern) = 107
02 11:22:42 - INFO - In arpeggio_mask_variable_runs. Started new run at t = 1391, num_cycles = 4, run_length = 96, sparsity = 0.08, np.sum(base_pattern) = 115
02 11:22:42 - INFO - In arpeggio_mask_variable_runs. Started new run at t = 1487, num_cycles = 4, run_length = 81, sparsity = 0.23, np.sum(base_pattern) = 88
02 11:22:42 - INFO - In arpeggio_mask_variable_runs. Started new run at t = 1568, num_cycles = 4, run_length = 84, sparsity = 0.38, np.sum(base_pattern) = 66
02 11:22:42 - INFO - In arpeggio_mask_variable_runs. Started new run at t = 1652, num_cycles = 4, run_length = 101, sparsity = 0.47, np.sum(base_pattern) = 76
02 11:22:42 - INFO - In arpeggio_mask_variable_runs. Started new run at t = 1753, num_cycles = 4, run_length = 98, sparsity = 0.30, np.sum(base_pattern) = 93
02 11:22:42 - INFO - In arpeggio_mask_variable_runs. Started new run at t = 1851, num_cycles = 4, run_length = 82, sparsity = 0.14, np.sum(base_pattern) = 95
02 11:22:42 - INFO - In arpeggio_mask_variable_runs. Started new run at t = 1933, num_cycles = 4, run_length = 92, sparsity = 0.10, np.sum(base_pattern) = 107
02 11:22:42 - INFO - In arpeggio_mask_variable_runs. Started new run at t = 2025, num_cycles = 4, run_length = 87, sparsity = 0.26, np.sum(base_pattern) = 96
02 11:22:42 - INFO - after creation: np.sum(density_function) = 2092, np.sum(density_function == 0) = 14804, np.sum(density_function == 1) = 2092, Percentage of ones: 14.1%
02 11:22:42 - INFO - after first creation: chorale[:,:,0].shape = (8, 2112), density_function.shape = (8, 2112)
02 11:22:42 - INFO - alteration mask: (array([-1,  0,  1,  2,  3]), array([2176, 3840, 1664, 7168, 2048]))
02 11:22:42 - INFO - finger_piano_part. octave_array prior to octave alteration mask: (array([3., 4., 5., 6.]), array([ 784, 4884, 9108, 2120]))
02 11:22:42 - INFO - finger_piano_part. octave_array after octave alteration mask: (array([2., 3., 4., 5., 6., 7., 8., 9.]), array([ 110,  548, 2406, 3486, 3456, 4890, 1768,  232]))
02 11:22:42 - INFO - before masking: np.sum(octave_array) = 100116.0
02 11:22:42 - INFO - about to mask the octave array with the density_function: density_function[:, :octave_array.shape[1]].shape = (8, 2112)
02 11:22:42 - INFO - octave_array.shape = (8, 2112), np.sum(octave_array) = 100116.0 density_function.shape = (8, 2112), np.sum(density_function) = 2092
02 11:22:42 - INFO - after masking. np.sum(octave_array) = 12507.0
02 11:22:42 - INFO - finger_piano_part. after applying density function: (array([0., 2., 3., 4., 5., 6., 7., 8., 9.]), array([14804,    16,    61,   283,   403,   426,   661,   216,    26]))
02 11:22:42 - INFO - volume_function.shape = (32,), chorale_in_cents_slides.shape[1] = 2112, repeats = 16, sustain = 15, vol_arr_size = 128
02 11:22:42 - INFO - volume_function = array([ 0,  0, 17,  0,  0,  2,  0,  0,  0,  0,  0,  0,  0,  4,  0,  0,  0,
        0,  0,  0,  0,  0,  0,  0,  0,  0,  0,  0,  1,  0,  0,  2])
02 11:22:42 - INFO - in woodwinds_part. octave_reduce = 0, octave_stretch = 4, stay = 9
02 11:22:42 - INFO - woodwinds part. octave_alteration_mask buckets: values, counts: (array([0, 1, 2, 3]), array([4352, 5120, 2432, 4992]))
02 11:22:42 - INFO - octave_array prior to spread (values, counts): (array([3., 4., 5., 6.]), array([ 784, 4884, 9108, 2120]))
02 11:22:42 - INFO - octave_array after spread (values, counts): (array([3., 4., 5., 6., 7., 8., 9.]), array([ 348, 1180, 4018, 4226, 3678, 2862,  584]))
02 11:22:42 - INFO - before build_long_mask_v2. repeats = 16, voices = 8, chorale_in_cents_slides.shape = (8, 2112, 2), prob_silence = [0.9964082725207809, 0.003591727479219098] 
02 11:22:42 - INFO - before masking octave_array. np.average(octave_array) = 6.220880681818182
02 11:22:42 - INFO - octave_array (values, counts): (array([3., 4., 5., 6., 7., 8., 9.]), array([ 348, 1180, 4018, 4226, 3678, 2862,  584]))
02 11:22:42 - INFO - octave_silence_mask (values, counts): (array([0, 1]), array([16384,   512])), np.average(octave_silence_mask) = 0.030303030303030304
02 11:22:42 - INFO - after masking octave_array. np.average(octave_array) = 0.1590909090909091
02 11:22:42 - INFO - octave_array (values, counts): (array([0., 3., 4., 5., 6., 7.]), array([16384,     6,    90,   282,    38,    96]))
02 11:22:42 - INFO - volume_function.shape = (32,), chorale_in_cents_slides.shape[1] = 2112, repeats = 16, sustain = 15, vol_arr_size = 32
02 11:22:42 - INFO - volume_function = array([0, 0, 0, 0, 9, 3, 5, 0, 0, 0, 4, 8, 0, 0, 0, 9, 0, 0, 0, 0, 9, 7,
       0, 8, 0, 0, 7, 9, 6, 0, 0, 2])
02 11:22:42 - INFO - in woodwinds_part. octave_reduce = 0, octave_stretch = 4, stay = 9
02 11:22:42 - INFO - woodwinds part. octave_alteration_mask buckets: values, counts: (array([0, 1, 2, 3]), array([5120, 4096, 2560, 5120]))
02 11:22:42 - INFO - octave_array prior to spread (values, counts): (array([3., 4., 5., 6.]), array([ 784, 4884, 9108, 2120]))
02 11:22:42 - INFO - octave_array after spread (values, counts): (array([3., 4., 5., 6., 7., 8., 9.]), array([ 270, 1664, 3818, 4020, 3364, 3340,  420]))
02 11:22:42 - INFO - before build_long_mask_v2. repeats = 16, voices = 8, chorale_in_cents_slides.shape = (8, 2112, 2), prob_silence = [0.9964082725207809, 0.003591727479219098] 
02 11:22:42 - INFO - before masking octave_array. np.average(octave_array) = 6.198153409090909
02 11:22:42 - INFO - octave_array (values, counts): (array([3., 4., 5., 6., 7., 8., 9.]), array([ 270, 1664, 3818, 4020, 3364, 3340,  420]))
02 11:22:42 - INFO - octave_silence_mask (values, counts): (array([0, 1]), array([16384,   512])), np.average(octave_silence_mask) = 0.030303030303030304
02 11:22:42 - INFO - after masking octave_array. np.average(octave_array) = 0.18181818181818182
02 11:22:42 - INFO - octave_array (values, counts): (array([0., 4., 5., 6., 7.]), array([16384,    64,    64,   192,   192]))
02 11:22:42 - INFO - in finger_piano_part. chorale.shape = (4, 2112, 2), glides.shape = (4, 2112), repeats = 16, voice_names = array(['mari1', 'mari2', 'mari3', 'mari4', 'mari5', 'mari6', 'mari7',
       'mari8'], dtype='<U5'), probs = array([[9.479e-01, 5.209e-02],
       [8.959e-01, 1.041e-01],
       [9.999e-01, 1.000e-04],
       [9.999e-01, 1.000e-04],
       [8.959e-01, 1.041e-01],
       [9.479e-01, 5.209e-02]])
02 11:22:42 - INFO - in finger_piano_part. About to call build_density_function with volume_function.shape = (32,), vol_arr_size = 32
02 11:22:42 - INFO - volume_function = array([5, 0, 4, 0, 0, 4, 0, 6, 7, 7, 0, 0, 6, 0, 2, 7, 0, 0, 6, 0, 0, 0,
       0, 6, 0, 0, 0, 0, 0, 0, 2, 2])
02 11:22:42 - INFO - volume_array.shape = (32,)
02 11:22:42 - INFO - Percentage of zeros:  59.4%
02 11:22:42 - INFO - volume_array.shape = (2088,)
02 11:22:42 - INFO - Percentage of zeros:  46.0%
02 11:22:42 - INFO - number of cycles for density function: num_cycles = 17
02 11:22:42 - INFO - In arpeggio_mask_variable_runs. Started new run at t = 0, num_cycles = 3, run_length = 79, sparsity = 0.46, np.sum(base_pattern) = 64
02 11:22:42 - INFO - In arpeggio_mask_variable_runs. Started new run at t = 79, num_cycles = 3, run_length = 86, sparsity = 0.33, np.sum(base_pattern) = 77
02 11:22:42 - INFO - In arpeggio_mask_variable_runs. Started new run at t = 165, num_cycles = 3, run_length = 75, sparsity = 0.17, np.sum(base_pattern) = 96
02 11:22:42 - INFO - In arpeggio_mask_variable_runs. Started new run at t = 240, num_cycles = 3, run_length = 90, sparsity = 0.06, np.sum(base_pattern) = 109
02 11:22:42 - INFO - In arpeggio_mask_variable_runs. Started new run at t = 330, num_cycles = 3, run_length = 70, sparsity = 0.06, np.sum(base_pattern) = 88
02 11:22:42 - INFO - In arpeggio_mask_variable_runs. Started new run at t = 400, num_cycles = 3, run_length = 105, sparsity = 0.18, np.sum(base_pattern) = 118
02 11:22:42 - INFO - In arpeggio_mask_variable_runs. Started new run at t = 505, num_cycles = 3, run_length = 98, sparsity = 0.38, np.sum(base_pattern) = 80
02 11:22:42 - INFO - In arpeggio_mask_variable_runs. Started new run at t = 603, num_cycles = 3, run_length = 93, sparsity = 0.49, np.sum(base_pattern) = 64
02 11:22:42 - INFO - In arpeggio_mask_variable_runs. Started new run at t = 696, num_cycles = 3, run_length = 91, sparsity = 0.46, np.sum(base_pattern) = 64
02 11:22:42 - INFO - In arpeggio_mask_variable_runs. Started new run at t = 787, num_cycles = 3, run_length = 89, sparsity = 0.32, np.sum(base_pattern) = 88
02 11:22:42 - INFO - In arpeggio_mask_variable_runs. Started new run at t = 876, num_cycles = 3, run_length = 71, sparsity = 0.16, np.sum(base_pattern) = 86
02 11:22:42 - INFO - In arpeggio_mask_variable_runs. Started new run at t = 947, num_cycles = 3, run_length = 77, sparsity = 0.07, np.sum(base_pattern) = 97
02 11:22:42 - INFO - In arpeggio_mask_variable_runs. Started new run at t = 1024, num_cycles = 3, run_length = 89, sparsity = 0.06, np.sum(base_pattern) = 110
02 11:22:42 - INFO - In arpeggio_mask_variable_runs. Started new run at t = 1113, num_cycles = 3, run_length = 88, sparsity = 0.18, np.sum(base_pattern) = 97
02 11:22:42 - INFO - In arpeggio_mask_variable_runs. Started new run at t = 1201, num_cycles = 3, run_length = 71, sparsity = 0.34, np.sum(base_pattern) = 70
02 11:22:42 - INFO - In arpeggio_mask_variable_runs. Started new run at t = 1272, num_cycles = 3, run_length = 72, sparsity = 0.45, np.sum(base_pattern) = 57
02 11:22:42 - INFO - In arpeggio_mask_variable_runs. Started new run at t = 1344, num_cycles = 3, run_length = 74, sparsity = 0.50, np.sum(base_pattern) = 52
02 11:22:42 - INFO - In arpeggio_mask_variable_runs. Started new run at t = 1418, num_cycles = 3, run_length = 109, sparsity = 0.43, np.sum(base_pattern) = 91
02 11:22:42 - INFO - In arpeggio_mask_variable_runs. Started new run at t = 1527, num_cycles = 3, run_length = 72, sparsity = 0.26, np.sum(base_pattern) = 73
02 11:22:42 - INFO - In arpeggio_mask_variable_runs. Started new run at t = 1599, num_cycles = 3, run_length = 97, sparsity = 0.11, np.sum(base_pattern) = 113
02 11:22:42 - INFO - In arpeggio_mask_variable_runs. Started new run at t = 1696, num_cycles = 3, run_length = 101, sparsity = 0.05, np.sum(base_pattern) = 138
02 11:22:42 - INFO - In arpeggio_mask_variable_runs. Started new run at t = 1797, num_cycles = 3, run_length = 81, sparsity = 0.14, np.sum(base_pattern) = 94
02 11:22:42 - INFO - In arpeggio_mask_variable_runs. Started new run at t = 1878, num_cycles = 3, run_length = 86, sparsity = 0.30, np.sum(base_pattern) = 81
02 11:22:42 - INFO - In arpeggio_mask_variable_runs. Started new run at t = 1964, num_cycles = 3, run_length = 113, sparsity = 0.46, np.sum(base_pattern) = 83
02 11:22:42 - INFO - In arpeggio_mask_variable_runs. Started new run at t = 2077, num_cycles = 3, run_length = 35, sparsity = 0.50, np.sum(base_pattern) = 26
02 11:22:42 - INFO - after creation: np.sum(density_function) = 2116, np.sum(density_function == 0) = 14780, np.sum(density_function == 1) = 2116, Percentage of ones: 14.3%
02 11:22:42 - INFO - after first creation: chorale[:,:,0].shape = (8, 2112), density_function.shape = (8, 2112)
02 11:22:42 - INFO - alteration mask: (array([-1,  0,  1,  2,  3]), array([2944, 2816, 5504, 3712, 1920]))
02 11:22:42 - INFO - finger_piano_part. octave_array prior to octave alteration mask: (array([3., 4., 5., 6.]), array([ 784, 4884, 9108, 2120]))
02 11:22:42 - INFO - finger_piano_part. octave_array after octave alteration mask: (array([2., 3., 4., 5., 6., 7., 8., 9.]), array([  98, 1024, 2666, 3518, 4346, 3680, 1542,   22]))
02 11:22:42 - INFO - before masking: np.sum(octave_array) = 95892.0
02 11:22:42 - INFO - about to mask the octave array with the density_function: density_function[:, :octave_array.shape[1]].shape = (8, 2112)
02 11:22:42 - INFO - octave_array.shape = (8, 2112), np.sum(octave_array) = 95892.0 density_function.shape = (8, 2112), np.sum(density_function) = 2116
02 11:22:42 - INFO - after masking. np.sum(octave_array) = 12014.0
02 11:22:42 - INFO - finger_piano_part. after applying density function: (array([0., 2., 3., 4., 5., 6., 7., 8., 9.]), array([14780,    16,   129,   349,   411,   541,   465,   202,     3]))
02 11:22:42 - INFO - in bass_part at the start of the function. chorale.shape = (4, 2112, 2), glides.shape = (4, 2112)
02 11:22:42 - INFO - In bass_part. About to smooth the volume function using build_density_function with volume_function.shape = (32,), vol_arr_size = 64
02 11:22:42 - INFO - volume_function = array([0, 6, 7, 0, 6, 0, 0, 0, 0, 6, 0, 6, 1, 1, 5, 6, 0, 4, 0, 5, 0, 0,
       6, 0, 2, 0, 3, 6, 0, 0, 2, 2])
02 11:22:42 - INFO - volume_array.shape = (64,)
02 11:22:42 - INFO - volume_array = array([ 0.   ,  2.718,  5.908,  7.94 ,  7.183,  3.05 ,  0.013,  2.435,
        5.866,  4.355,  0.466, -0.92 , -0.179,  0.418,  0.173, -0.727,
       -0.533,  2.695,  5.892,  4.145,  0.401,  1.372,  5.264,  5.464,
        2.17 ,  0.047,  0.407,  2.025,  4.067,  6.021,  6.684,  4.387,
        0.783,  0.53 ,  3.271,  3.475,  0.728,  0.564,  3.748,  4.85 ,
        2.108, -0.819, -1.316,  1.106,  4.911,  5.641,  2.2  , -0.221,
        0.935,  2.025,  0.906, -0.031,  1.049,  3.426,  5.723,  5.81 ,
        2.842, -0.197, -0.814,  0.072,  1.163,  2.021,  2.387,  2.   ])
02 11:22:42 - INFO - number of cycles for density function: num_cycles = 5
02 11:22:42 - INFO - after first creation: density_function.shape = (8, 2112)
02 11:22:42 - INFO - after creation: np.sum(density_function) = 840, np.sum(density_function == 0) = 16056, np.sum(density_function == 1) = 840, Percentage of ones: 5.2%
02 11:22:42 - INFO - octave_array.shape = (8, 2112), np.sum(octave_array) = 71576.0 density_function.shape = (8, 2112), np.sum(density_function) = 840
02 11:22:42 - INFO - bass_part. octave_alteration_mask buckets: values, counts
02 11:22:42 - INFO - octave_array prior to spread:  (array([3., 4., 5.]), array([1568, 9768, 5560]))
02 11:22:42 - INFO - before masking: np.sum(octave_array) = 8856.0
02 11:22:42 - INFO - about to mask the octave array with the density_function: density_function[:, :octave_array.shape[1]].shape = (8, 2112)
02 11:22:42 - INFO - after masking. np.sum(octave_array) = 592.0
02 11:22:42 - INFO - octave_array after spread: (array([-2., -1.,  0.,  1.,  2.,  3.]), array([    1,   165, 16315,   156,   174,    85]))
02 11:22:42 - INFO - after clipping negatives to 0: (array([0., 1., 2., 3.]), array([16481,   156,   174,    85]))
02 11:22:42 - INFO - notes_features_6.shape = (6, 8, 2112)
02 11:22:42 - INFO - About to call build_density_function: passing in volume_function.shape = (32,), vol_arr_size = 96, repeats = 16, sustain = 15
02 11:22:42 - INFO - in melody_part. octave_reduce = 2, octave_stretch = 5
02 11:22:42 - INFO - melody part. octave_alteration_mask buckets: values, counts: (array([-2, -1,  0,  1,  2]), array([4992, 3712, 1536, 5888,  768]))
02 11:22:42 - INFO - octave_array prior to spread (values, counts): (array([0., 5., 6.]), array([8448, 6328, 2120]))
02 11:22:42 - INFO - octave_array after spread (values, counts): (array([0., 3., 4., 5., 6., 7., 8.]), array([8448, 2064, 1740,  932, 2712,  860,  140]))
02 11:22:42 - INFO - before build_long_mask_v2. repeats = 16, voices = 8, chorale_in_cents_slides.shape = (8, 2112, 2), prob_silence = [0.9964082725207809, 0.003591727479219098] 
02 11:22:42 - INFO - before masking octave_array. np.average(octave_array) = 2.4398674242424243
02 11:22:42 - INFO - octave_array (values, counts): (array([0., 3., 4., 5., 6., 7., 8.]), array([8448, 2064, 1740,  932, 2712,  860,  140]))
02 11:22:42 - INFO - octave_silence_mask (values, counts): (array([0]), array([16896])), np.average(octave_silence_mask) = 0.0
02 11:22:42 - INFO - after masking octave_array. np.average(octave_array) = 0.0
02 11:22:42 - INFO - octave_array (values, counts): (array([0.]), array([16896]))
02 11:22:43 - INFO - print_only = 10
02 11:22:43 - INFO -  1	2	3	4	5	6	7	8	9	0	11	12	13	14
02 11:22:43 - INFO - Sta	Hold	Vel	Ton	Oct	Voi	Ste	En1	Gls	Ups	Ren	2gl	3gl	Vol
02 11:22:43 - INFO - 0.0	21.72	61.0	1195.0	3.0	14.0	16.0	16.0	0.0	2.0	16.0	0.0	0.0	9.0
02 11:22:43 - INFO - 0.0	6.31	72.0	1195.0	2.0	5.0	2.0	0.0	0.0	0.0	0.0	0.0	0.0	5.0
02 11:22:43 - INFO - 0.0	5.3	74.0	1195.0	1.0	24.0	9.0	17.0	0.0	1.0	17.0	0.0	0.0	2.0
02 11:22:43 - INFO - 0.0	5.81	69.0	381.0	3.0	5.0	7.0	1.0	0.0	0.0	1.0	0.0	0.0	5.0
02 11:22:43 - INFO - 0.0	7.07	77.0	1195.0	2.0	4.0	5.0	16.0	0.0	2.0	16.0	0.0	0.0	2.0
02 11:22:43 - INFO - 0.0	0.5	69.0	697.0	2.0	5.0	16.0	1.0	0.0	-1.0	1.0	0.0	0.0	5.0
02 11:22:43 - INFO - 0.0	11.62	77.0	1195.0	1.0	20.0	11.0	16.0	0.0	1.0	16.0	0.0	0.0	2.0
02 11:22:43 - INFO - 0.0	21.72	63.0	381.0	1.0	16.0	8.0	16.0	0.0	2.0	16.0	0.0	0.0	8.0
02 11:22:43 - INFO - 0.0	5.05	77.0	1195.0	1.0	24.0	7.0	16.0	0.0	1.0	16.0	0.0	0.0	2.0
02 11:22:43 - INFO - 0.01	0.76	69.0	1195.0	2.0	5.0	1.0	0.0	0.0	0.0	0.0	0.0	0.0	5.0
02 11:23:21 - INFO - about to call trim_csound. mod = '55a_lm19_r1.75_sf0.00_md33_sp07_t4_d05_36_t096', duration = 336.0
